2026-03-05 13:23:16,842 - INFO - ===== IMPORT DATEREV =====
2026-03-05 13:23:18,218 - INFO - 489642 lignes supprimées pour BOA SN
2026-03-05 13:24:23,499 - INFO - 100000 lignes importées
2026-03-05 13:25:30,330 - INFO - 200000 lignes importées
2026-03-05 13:26:36,381 - INFO - 300000 lignes importées
2026-03-05 13:27:41,857 - INFO - 400000 lignes importées
2026-03-05 13:28:42,193 - INFO - 489642 lignes importées pour BOA SN
2026-03-05 13:28:42,194 - INFO - TOTAL DATEREV : 489642
2026-03-05 13:28:42,198 - INFO - ===== IMPORT TAUX =====
2026-03-05 13:28:42,227 - INFO - Import taux terminé pour BOA SN
2026-03-05 13:28:42,268 - INFO - IMPORT TERMINE
2026-03-05 14:12:02,502 - INFO - ===== IMPORT DATEREV =====
2026-03-05 14:12:04,630 - INFO - 489642 lignes supprimées pour BOA SN
2026-03-05 14:13:11,033 - INFO - 100000 lignes importées
2026-03-05 14:14:17,988 - INFO - 200000 lignes importées
2026-03-05 14:15:25,745 - INFO - 300000 lignes importées
2026-03-05 14:16:31,132 - INFO - 400000 lignes importées
2026-03-05 14:17:29,899 - INFO - 489642 lignes importées pour BOA SN
2026-03-05 14:17:29,899 - INFO - TOTAL DATEREV : 489642
2026-03-05 14:17:29,899 - INFO - --- DEBUT IMPORT TAUX ---
2026-03-05 14:17:29,899 - INFO - Colonnes détectées dans SN: ['FLUX PM', 'FLUX PP', 'STOCK PM', 'STOCK PP', 'DATE']
2026-03-05 14:17:29,899 - INFO - ✅ TERMINE : 0 lignes de taux importées pour SN
2026-03-05 14:17:29,914 - INFO - --- FIN IMPORT TAUX ---
2026-03-05 14:17:29,916 - INFO - IMPORTATION GLOBALE REUSSIE
2026-03-05 14:24:36,517 - INFO - ===== IMPORT DATEREV =====
2026-03-05 14:24:37,407 - INFO - 180000 lignes supprimées pour BOA CI
2026-03-05 14:24:58,722 - INFO - 34432 lignes importées pour BOA CI
2026-03-05 14:24:58,722 - INFO - TOTAL DATEREV : 34432
2026-03-05 14:24:58,722 - INFO - --- DEBUT IMPORT TAUX ---
2026-03-05 14:24:58,722 - INFO - Colonnes détectées dans CI: ['FLUX PM', 'FLUX PP', 'STOCK PM', 'STOCK PP', 'DATE']
2026-03-05 14:24:58,737 - INFO - ✅ TERMINE : 0 lignes de taux importées pour CI
2026-03-05 14:24:58,737 - INFO - --- FIN IMPORT TAUX ---
2026-03-05 14:24:58,737 - INFO - IMPORTATION GLOBALE REUSSIE
