2026-03-17 08:37:14,831 - INFO - START DATEREV
2026-03-17 08:37:14,832 - WARNING - missing file: scoring_SN.csv
2026-03-17 08:37:14,832 - INFO - DATEREV total: 0 rows
2026-03-17 08:37:14,832 - INFO - IMPORT DONE
2026-03-17 08:39:01,142 - INFO - START DATEREV
2026-03-17 08:39:01,151 - INFO - cleaned 0 rows for BOA SN
2026-03-17 08:39:01,209 - DEBUG - [SN] daterev encoding=ascii headers=['FILIALE', 'AGENCE', 'EXPL', 'CLIENT', 'DATREV', 'PPE', 'RISQUE', 'AGENCELIB']
2026-03-17 08:39:07,899 - INFO - progress SN: 100000 rows
2026-03-17 08:39:13,842 - INFO - progress SN: 200000 rows
2026-03-17 08:39:20,496 - INFO - progress SN: 300000 rows
2026-03-17 08:39:26,906 - INFO - progress SN: 400000 rows
2026-03-17 08:39:33,309 - INFO - done SN: 489641 rows
2026-03-17 08:39:33,310 - INFO - DATEREV total: 489641 rows
2026-03-17 08:39:33,313 - INFO - IMPORT DONE
2026-03-17 08:41:55,934 - INFO - START ANOMALIES
2026-03-17 08:41:56,261 - INFO - cleaned 0 rows for BOA CI
2026-03-17 08:41:56,277 - DEBUG - [CI] anomalies encoding=UTF-8-SIG headers=['AGENCE', 'EXPL', 'CLIENT', 'CODAPE', 'IDP', 'ANOMALIE_AGE', 'ANOMALIE_DATE_EER', 'ANOMALIE_CIN', '', '']
2026-03-17 08:41:56,278 - ERROR - missing required columns for CI: ['PPE']
2026-03-17 08:41:56,280 - INFO - cleaned 0 rows for BOA BF
2026-03-17 08:41:56,284 - DEBUG - [BF] anomalies encoding=UTF-8-SIG headers=['AGENCE', 'EXPL', 'CLIENT', 'IDP', 'ANOMALIE_AGE', 'ANOMALIE_DATE_EER', 'ANOMALIE_CIN', 'PPE']
2026-03-17 08:41:56,284 - WARNING - missing optional column LIB_AGENCE for BF
2026-03-17 08:41:56,775 - INFO - done BF: 4303 rows
2026-03-17 08:41:56,778 - INFO - cleaned 0 rows for BOA SN
2026-03-17 08:41:56,786 - DEBUG - [SN] anomalies encoding=UTF-8-SIG headers=['AGENCE', 'EXPL', 'CLIENT', 'IDP', 'ANOMALIE_AGE', 'ANOMALIE_DATE_EER', 'ANOMALIE_CIN']
2026-03-17 08:41:56,787 - ERROR - missing required columns for SN: ['PPE']
2026-03-17 08:41:56,787 - WARNING - missing anomalies file: C:\Users\mamsylla\OneDrive - BANK OF AFRICA(1)\Documents\Projets\2025\Plateforme notatio kyc v2\data\anomalies_TG.csv
2026-03-17 08:41:56,787 - INFO - END ANOMALIES
2026-03-17 08:41:56,787 - INFO - START DATEREV
2026-03-17 08:41:56,920 - INFO - cleaned 0 rows for BOA CI
2026-03-17 08:41:56,929 - DEBUG - [CI] daterev encoding=UTF-8-SIG headers=['AGENCE', 'EXPL', 'CLIENT', 'DATEREV', 'PPE', 'CLASSE']
2026-03-17 08:41:56,958 - INFO - done CI: 154 rows
2026-03-17 08:41:57,018 - INFO - cleaned 0 rows for BOA BF
2026-03-17 08:41:57,079 - DEBUG - [BF] daterev encoding=ascii headers=['CLIENT', 'NOM', 'AGENCE', 'AGENCELIB', 'EXPL', 'NOM_EXP', 'IDM', 'DATREV', 'DATOUV', 'PPE', 'RISQUE', 'PAYS_RESID']
2026-03-17 08:42:00,262 - DEBUG - [BF] daterev encoding=utf-8-sig headers=['CLIENT', 'NOM', 'AGENCE', 'AGENCELIB', 'EXPL', 'NOM_EXP', 'IDM', 'DATREV', 'DATOUV', 'PPE', 'RISQUE', 'PAYS_RESID']
2026-03-17 08:42:01,853 - DEBUG - [BF] daterev encoding=latin-1 headers=['CLIENT', 'NOM', 'AGENCE', 'AGENCELIB', 'EXPL', 'NOM_EXP', 'IDM', 'DATREV', 'DATOUV', 'PPE', 'RISQUE', 'PAYS_RESID']
2026-03-17 08:42:17,527 - INFO - progress BF: 100000 rows
2026-03-17 08:42:17,883 - INFO - done BF: 103797 rows
2026-03-17 08:42:18,953 - INFO - cleaned 489641 rows for BOA SN
2026-03-17 08:42:19,002 - DEBUG - [SN] daterev encoding=ascii headers=['FILIALE', 'AGENCE', 'EXPL', 'CLIENT', 'DATREV', 'PPE', 'RISQUE']
2026-03-17 08:42:41,999 - INFO - progress SN: 100000 rows
2026-03-17 08:42:55,822 - INFO - progress SN: 200000 rows
2026-03-17 08:43:01,001 - INFO - progress SN: 300000 rows
2026-03-17 08:43:05,647 - INFO - progress SN: 400000 rows
2026-03-17 08:43:09,962 - INFO - done SN: 489641 rows
2026-03-17 08:43:09,962 - WARNING - missing file: scoring_TG.csv
2026-03-17 08:43:09,962 - INFO - DATEREV total: 593592 rows
2026-03-17 08:43:09,964 - INFO - START TAUX_FILIALES
2026-03-17 08:43:09,968 - DEBUG - [CI] taux_filiales encoding=ascii headers=['FLUX PM', 'FLUX PP', 'STOCK PM', 'STOCK PP', 'DATE']
2026-03-17 08:43:09,970 - INFO - done CI: 10 rows
2026-03-17 08:43:09,974 - DEBUG - [BF] taux_filiales encoding=ascii headers=['FLUX PM', 'FLUX PP', 'STOCK PM', 'STOCK PP', 'DATE']
2026-03-17 08:43:09,975 - INFO - done BF: 10 rows
2026-03-17 08:43:09,979 - DEBUG - [SN] taux_filiales encoding=ascii headers=['FLUX PM', 'FLUX PP', 'STOCK PM', 'STOCK PP', 'DATE']
2026-03-17 08:43:09,980 - INFO - done SN: 10 rows
2026-03-17 08:43:09,985 - DEBUG - [TG] taux_filiales encoding=ascii headers=['FLUX PM', 'FLUX PP', 'STOCK PM', 'STOCK PP', 'DATE']
2026-03-17 08:43:09,985 - INFO - done TG: 10 rows
2026-03-17 08:43:09,986 - INFO - END TAUX_FILIALES
2026-03-17 08:43:09,989 - INFO - START TAUX_EVOLUTION
2026-03-17 08:43:09,993 - DEBUG - [CI] taux_evolution encoding=UTF-8-SIG headers=['AGENTS', 'TAUX', 'DATE', 'FLUX_STOCK', 'PP_PM']
2026-03-17 08:43:09,993 - INFO - done CI: 0 rows
2026-03-17 08:43:09,998 - DEBUG - [BF] taux_evolution encoding=UTF-8-SIG headers=['AGENTS', 'TAUX', 'DATE', 'FLUX_STOCK', 'PP_PM']
2026-03-17 08:43:09,998 - INFO - done BF: 0 rows
2026-03-17 08:43:10,001 - DEBUG - [SN] taux_evolution encoding=UTF-8-SIG headers=['AGENTS', 'TAUX', 'DATE', 'FLUX_STOCK', 'PP_PM']
2026-03-17 08:43:10,001 - INFO - done SN: 0 rows
2026-03-17 08:43:10,002 - WARNING - missing file: C:\Users\mamsylla\OneDrive - BANK OF AFRICA(1)\Documents\Projets\2025\Plateforme notatio kyc v2\data\taux_TG.csv
2026-03-17 08:43:10,002 - INFO - END TAUX_EVOLUTION
2026-03-17 08:43:10,002 - INFO - IMPORT DONE
2026-03-23 12:40:37,190 - INFO - Filiales utilisées: ['NE', 'CI', 'TG', 'SN', 'ML', 'BF', 'BJ', 'RDC', 'MR', 'MG', 'UG', 'TZ', 'RW', 'KE', 'FR', 'KM', 'GH', 'Group']
2026-03-23 12:40:37,191 - INFO - CHEMIN_BASE: C:\Fiabilisation KYC\Python\data
2026-03-23 12:40:37,192 - INFO - START ANOMALIES
2026-03-23 12:40:37,192 - WARNING - missing anomalies file: C:\Fiabilisation KYC\Python\data\anomalies_NE.csv
2026-03-23 12:40:37,193 - WARNING - missing anomalies file: C:\Fiabilisation KYC\Python\data\anomalies_CI.csv
2026-03-23 12:40:37,193 - WARNING - missing anomalies file: C:\Fiabilisation KYC\Python\data\anomalies_TG.csv
2026-03-23 12:40:37,193 - WARNING - missing anomalies file: C:\Fiabilisation KYC\Python\data\anomalies_SN.csv
2026-03-23 12:40:37,194 - WARNING - missing anomalies file: C:\Fiabilisation KYC\Python\data\anomalies_ML.csv
2026-03-23 12:40:37,194 - WARNING - missing anomalies file: C:\Fiabilisation KYC\Python\data\anomalies_BF.csv
2026-03-23 12:40:37,194 - WARNING - missing anomalies file: C:\Fiabilisation KYC\Python\data\anomalies_BJ.csv
2026-03-23 12:40:37,195 - WARNING - missing anomalies file: C:\Fiabilisation KYC\Python\data\anomalies_RDC.csv
2026-03-23 12:40:37,195 - WARNING - missing anomalies file: C:\Fiabilisation KYC\Python\data\anomalies_MR.csv
2026-03-23 12:40:37,196 - WARNING - missing anomalies file: C:\Fiabilisation KYC\Python\data\anomalies_MG.csv
2026-03-23 12:40:37,196 - WARNING - missing anomalies file: C:\Fiabilisation KYC\Python\data\anomalies_UG.csv
2026-03-23 12:40:37,197 - WARNING - missing anomalies file: C:\Fiabilisation KYC\Python\data\anomalies_TZ.csv
2026-03-23 12:40:37,197 - WARNING - missing anomalies file: C:\Fiabilisation KYC\Python\data\anomalies_RW.csv
2026-03-23 12:40:37,197 - WARNING - missing anomalies file: C:\Fiabilisation KYC\Python\data\anomalies_KE.csv
2026-03-23 12:40:37,198 - WARNING - missing anomalies file: C:\Fiabilisation KYC\Python\data\anomalies_FR.csv
2026-03-23 12:40:37,198 - WARNING - missing anomalies file: C:\Fiabilisation KYC\Python\data\anomalies_KM.csv
2026-03-23 12:40:37,199 - WARNING - missing anomalies file: C:\Fiabilisation KYC\Python\data\anomalies_GH.csv
2026-03-23 12:40:37,199 - WARNING - missing anomalies file: C:\Fiabilisation KYC\Python\data\anomalies_Group.csv
2026-03-23 12:40:37,200 - INFO - END ANOMALIES
2026-03-23 12:40:37,200 - INFO - START DATEREV
2026-03-23 12:40:37,201 - WARNING - missing file: C:\Fiabilisation KYC\Python\data\scoring_NE.csv
2026-03-23 12:40:37,204 - WARNING - missing file: C:\Fiabilisation KYC\Python\data\scoring_CI.csv
2026-03-23 12:40:37,204 - WARNING - missing file: C:\Fiabilisation KYC\Python\data\scoring_TG.csv
2026-03-23 12:40:37,205 - WARNING - missing file: C:\Fiabilisation KYC\Python\data\scoring_SN.csv
2026-03-23 12:40:37,206 - WARNING - missing file: C:\Fiabilisation KYC\Python\data\scoring_ML.csv
2026-03-23 12:40:37,207 - WARNING - missing file: C:\Fiabilisation KYC\Python\data\scoring_BF.csv
2026-03-23 12:40:37,207 - WARNING - missing file: C:\Fiabilisation KYC\Python\data\scoring_BJ.csv
2026-03-23 12:40:37,209 - WARNING - missing file: C:\Fiabilisation KYC\Python\data\scoring_RDC.csv
2026-03-23 12:40:37,209 - WARNING - missing file: C:\Fiabilisation KYC\Python\data\scoring_MR.csv
2026-03-23 12:40:37,210 - WARNING - missing file: C:\Fiabilisation KYC\Python\data\scoring_MG.csv
2026-03-23 12:40:37,210 - WARNING - missing file: C:\Fiabilisation KYC\Python\data\scoring_UG.csv
2026-03-23 12:40:37,210 - WARNING - missing file: C:\Fiabilisation KYC\Python\data\scoring_TZ.csv
2026-03-23 12:40:37,211 - WARNING - missing file: C:\Fiabilisation KYC\Python\data\scoring_RW.csv
2026-03-23 12:40:37,211 - WARNING - missing file: C:\Fiabilisation KYC\Python\data\scoring_KE.csv
2026-03-23 12:40:37,212 - WARNING - missing file: C:\Fiabilisation KYC\Python\data\scoring_FR.csv
2026-03-23 12:40:37,212 - WARNING - missing file: C:\Fiabilisation KYC\Python\data\scoring_KM.csv
2026-03-23 12:40:37,212 - WARNING - missing file: C:\Fiabilisation KYC\Python\data\scoring_GH.csv
2026-03-23 12:40:37,213 - WARNING - missing file: C:\Fiabilisation KYC\Python\data\scoring_Group.csv
2026-03-23 12:40:37,213 - INFO - DATEREV total: 0 rows
2026-03-23 12:40:37,215 - INFO - START TAUX_FILIALES
2026-03-23 12:40:37,216 - WARNING - missing taux file: C:\Fiabilisation KYC\Python\data\suivi_fiabilisation_NE.csv
2026-03-23 12:40:37,216 - WARNING - missing taux file: C:\Fiabilisation KYC\Python\data\suivi_fiabilisation_CI.csv
2026-03-23 12:40:37,217 - WARNING - missing taux file: C:\Fiabilisation KYC\Python\data\suivi_fiabilisation_TG.csv
2026-03-23 12:40:37,218 - WARNING - missing taux file: C:\Fiabilisation KYC\Python\data\suivi_fiabilisation_SN.csv
2026-03-23 12:40:37,218 - WARNING - missing taux file: C:\Fiabilisation KYC\Python\data\suivi_fiabilisation_ML.csv
2026-03-23 12:40:37,219 - WARNING - missing taux file: C:\Fiabilisation KYC\Python\data\suivi_fiabilisation_BF.csv
2026-03-23 12:40:37,219 - WARNING - missing taux file: C:\Fiabilisation KYC\Python\data\suivi_fiabilisation_BJ.csv
2026-03-23 12:40:37,220 - WARNING - missing taux file: C:\Fiabilisation KYC\Python\data\suivi_fiabilisation_RDC.csv
2026-03-23 12:40:37,220 - WARNING - missing taux file: C:\Fiabilisation KYC\Python\data\suivi_fiabilisation_MR.csv
2026-03-23 12:40:37,220 - WARNING - missing taux file: C:\Fiabilisation KYC\Python\data\suivi_fiabilisation_MG.csv
2026-03-23 12:40:37,221 - WARNING - missing taux file: C:\Fiabilisation KYC\Python\data\suivi_fiabilisation_UG.csv
2026-03-23 12:40:37,221 - WARNING - missing taux file: C:\Fiabilisation KYC\Python\data\suivi_fiabilisation_TZ.csv
2026-03-23 12:40:37,221 - WARNING - missing taux file: C:\Fiabilisation KYC\Python\data\suivi_fiabilisation_RW.csv
2026-03-23 12:40:37,222 - WARNING - missing taux file: C:\Fiabilisation KYC\Python\data\suivi_fiabilisation_KE.csv
2026-03-23 12:40:37,222 - WARNING - missing taux file: C:\Fiabilisation KYC\Python\data\suivi_fiabilisation_FR.csv
2026-03-23 12:40:37,222 - WARNING - missing taux file: C:\Fiabilisation KYC\Python\data\suivi_fiabilisation_KM.csv
2026-03-23 12:40:37,223 - WARNING - missing taux file: C:\Fiabilisation KYC\Python\data\suivi_fiabilisation_GH.csv
2026-03-23 12:40:37,223 - WARNING - missing taux file: C:\Fiabilisation KYC\Python\data\suivi_fiabilisation_Group.csv
2026-03-23 12:40:37,223 - INFO - END TAUX_FILIALES
2026-03-23 12:40:37,224 - INFO - IMPORT DONE
2026-03-23 13:38:52,634 - INFO - Filiales utilisées: ['NE', 'CI', 'TG', 'SN', 'ML', 'BF', 'BJ', 'RDC', 'MR', 'MG', 'UG', 'TZ', 'RW', 'KE', 'FR', 'KM', 'GH', 'Group']
2026-03-23 13:38:52,636 - INFO - CHEMIN_BASE: C:\Fiabilisation KYC\Python\data
2026-03-23 13:38:52,637 - INFO - START ANOMALIES
2026-03-23 13:38:52,644 - WARNING - missing anomalies file: C:\Fiabilisation KYC\Python\data\anomalies_NE.csv
2026-03-23 13:38:52,646 - WARNING - missing anomalies file: C:\Fiabilisation KYC\Python\data\anomalies_CI.csv
2026-03-23 13:38:52,646 - WARNING - missing anomalies file: C:\Fiabilisation KYC\Python\data\anomalies_TG.csv
2026-03-23 13:38:52,648 - WARNING - missing anomalies file: C:\Fiabilisation KYC\Python\data\anomalies_SN.csv
2026-03-23 13:38:52,649 - WARNING - missing anomalies file: C:\Fiabilisation KYC\Python\data\anomalies_ML.csv
2026-03-23 13:38:52,650 - WARNING - missing anomalies file: C:\Fiabilisation KYC\Python\data\anomalies_BF.csv
2026-03-23 13:38:52,651 - WARNING - missing anomalies file: C:\Fiabilisation KYC\Python\data\anomalies_BJ.csv
2026-03-23 13:38:52,655 - WARNING - missing anomalies file: C:\Fiabilisation KYC\Python\data\anomalies_RDC.csv
2026-03-23 13:38:52,659 - WARNING - missing anomalies file: C:\Fiabilisation KYC\Python\data\anomalies_MR.csv
2026-03-23 13:38:52,661 - WARNING - missing anomalies file: C:\Fiabilisation KYC\Python\data\anomalies_MG.csv
2026-03-23 13:38:52,662 - WARNING - missing anomalies file: C:\Fiabilisation KYC\Python\data\anomalies_UG.csv
2026-03-23 13:38:52,663 - WARNING - missing anomalies file: C:\Fiabilisation KYC\Python\data\anomalies_TZ.csv
2026-03-23 13:38:52,664 - WARNING - missing anomalies file: C:\Fiabilisation KYC\Python\data\anomalies_RW.csv
2026-03-23 13:38:52,665 - WARNING - missing anomalies file: C:\Fiabilisation KYC\Python\data\anomalies_KE.csv
2026-03-23 13:38:52,669 - WARNING - missing anomalies file: C:\Fiabilisation KYC\Python\data\anomalies_FR.csv
2026-03-23 13:38:52,673 - WARNING - missing anomalies file: C:\Fiabilisation KYC\Python\data\anomalies_KM.csv
2026-03-23 13:38:52,674 - WARNING - missing anomalies file: C:\Fiabilisation KYC\Python\data\anomalies_GH.csv
2026-03-23 13:38:52,675 - WARNING - missing anomalies file: C:\Fiabilisation KYC\Python\data\anomalies_Group.csv
2026-03-23 13:38:52,676 - INFO - END ANOMALIES
2026-03-23 13:38:52,678 - INFO - START DATEREV
2026-03-23 13:38:52,680 - WARNING - missing file: C:\Fiabilisation KYC\Python\data\scoring_NE.csv
2026-03-23 13:38:52,680 - WARNING - missing file: C:\Fiabilisation KYC\Python\data\scoring_CI.csv
2026-03-23 13:38:52,681 - WARNING - missing file: C:\Fiabilisation KYC\Python\data\scoring_TG.csv
2026-03-23 13:38:52,687 - WARNING - missing file: C:\Fiabilisation KYC\Python\data\scoring_SN.csv
2026-03-23 13:38:52,689 - WARNING - missing file: C:\Fiabilisation KYC\Python\data\scoring_ML.csv
2026-03-23 13:38:52,690 - WARNING - missing file: C:\Fiabilisation KYC\Python\data\scoring_BF.csv
2026-03-23 13:38:52,694 - WARNING - missing file: C:\Fiabilisation KYC\Python\data\scoring_BJ.csv
2026-03-23 13:38:52,700 - WARNING - missing file: C:\Fiabilisation KYC\Python\data\scoring_RDC.csv
2026-03-23 13:38:52,704 - WARNING - missing file: C:\Fiabilisation KYC\Python\data\scoring_MR.csv
2026-03-23 13:38:52,712 - WARNING - missing file: C:\Fiabilisation KYC\Python\data\scoring_MG.csv
2026-03-23 13:38:52,718 - WARNING - missing file: C:\Fiabilisation KYC\Python\data\scoring_UG.csv
2026-03-23 13:38:52,719 - WARNING - missing file: C:\Fiabilisation KYC\Python\data\scoring_TZ.csv
2026-03-23 13:38:52,720 - WARNING - missing file: C:\Fiabilisation KYC\Python\data\scoring_RW.csv
2026-03-23 13:38:52,721 - WARNING - missing file: C:\Fiabilisation KYC\Python\data\scoring_KE.csv
2026-03-23 13:38:52,722 - WARNING - missing file: C:\Fiabilisation KYC\Python\data\scoring_FR.csv
2026-03-23 13:38:52,723 - WARNING - missing file: C:\Fiabilisation KYC\Python\data\scoring_KM.csv
2026-03-23 13:38:52,728 - WARNING - missing file: C:\Fiabilisation KYC\Python\data\scoring_GH.csv
2026-03-23 13:38:52,732 - WARNING - missing file: C:\Fiabilisation KYC\Python\data\scoring_Group.csv
2026-03-23 13:38:52,735 - INFO - DATEREV total: 0 rows
2026-03-23 13:38:52,763 - INFO - START TAUX_FILIALES
2026-03-23 13:38:52,764 - WARNING - missing taux file: C:\Fiabilisation KYC\Python\data\suivi_fiabilisation_NE.csv
2026-03-23 13:38:52,765 - WARNING - missing taux file: C:\Fiabilisation KYC\Python\data\suivi_fiabilisation_CI.csv
2026-03-23 13:38:52,765 - WARNING - missing taux file: C:\Fiabilisation KYC\Python\data\suivi_fiabilisation_TG.csv
2026-03-23 13:38:52,766 - WARNING - missing taux file: C:\Fiabilisation KYC\Python\data\suivi_fiabilisation_SN.csv
2026-03-23 13:38:52,766 - WARNING - missing taux file: C:\Fiabilisation KYC\Python\data\suivi_fiabilisation_ML.csv
2026-03-23 13:38:52,767 - WARNING - missing taux file: C:\Fiabilisation KYC\Python\data\suivi_fiabilisation_BF.csv
2026-03-23 13:38:52,767 - WARNING - missing taux file: C:\Fiabilisation KYC\Python\data\suivi_fiabilisation_BJ.csv
2026-03-23 13:38:52,768 - WARNING - missing taux file: C:\Fiabilisation KYC\Python\data\suivi_fiabilisation_RDC.csv
2026-03-23 13:38:52,768 - WARNING - missing taux file: C:\Fiabilisation KYC\Python\data\suivi_fiabilisation_MR.csv
2026-03-23 13:38:52,769 - WARNING - missing taux file: C:\Fiabilisation KYC\Python\data\suivi_fiabilisation_MG.csv
2026-03-23 13:38:52,770 - WARNING - missing taux file: C:\Fiabilisation KYC\Python\data\suivi_fiabilisation_UG.csv
2026-03-23 13:38:52,770 - WARNING - missing taux file: C:\Fiabilisation KYC\Python\data\suivi_fiabilisation_TZ.csv
2026-03-23 13:38:52,771 - WARNING - missing taux file: C:\Fiabilisation KYC\Python\data\suivi_fiabilisation_RW.csv
2026-03-23 13:38:52,772 - WARNING - missing taux file: C:\Fiabilisation KYC\Python\data\suivi_fiabilisation_KE.csv
2026-03-23 13:38:52,777 - WARNING - missing taux file: C:\Fiabilisation KYC\Python\data\suivi_fiabilisation_FR.csv
2026-03-23 13:38:52,779 - WARNING - missing taux file: C:\Fiabilisation KYC\Python\data\suivi_fiabilisation_KM.csv
2026-03-23 13:38:52,781 - WARNING - missing taux file: C:\Fiabilisation KYC\Python\data\suivi_fiabilisation_GH.csv
2026-03-23 13:38:52,783 - WARNING - missing taux file: C:\Fiabilisation KYC\Python\data\suivi_fiabilisation_Group.csv
2026-03-23 13:38:52,786 - INFO - END TAUX_FILIALES
2026-03-23 13:38:52,787 - INFO - IMPORT DONE
2026-03-23 13:40:33,147 - INFO - Filiales utilisées: ['NE', 'CI', 'TG', 'SN', 'ML', 'BF', 'BJ', 'RDC', 'MR', 'MG', 'UG', 'TZ', 'RW', 'KE', 'FR', 'KM', 'GH', 'Group']
2026-03-23 13:40:33,168 - INFO - CHEMIN_BASE: C:\Users\mamsylla\OneDrive - BANK OF AFRICA(1)\Documents\Projets\2025\Plateforme notatio kyc v2\data
2026-03-23 13:40:33,180 - INFO - START ANOMALIES
2026-03-23 13:40:33,184 - WARNING - missing anomalies file: C:\Users\mamsylla\OneDrive - BANK OF AFRICA(1)\Documents\Projets\2025\Plateforme notatio kyc v2\data\anomalies_NE.csv
2026-03-23 13:40:33,228 - INFO - cleaned 0 rows for BOA CI
2026-03-23 13:40:33,252 - DEBUG - [CI] anomalies encoding=UTF-8-SIG headers=['AGENCE', 'EXPL', 'CLIENT', 'CODAPE', 'IDP', 'ANOMALIE_AGE', 'ANOMALIE_DATE_EER', 'ANOMALIE_CIN', '', '']
2026-03-23 13:40:33,252 - ERROR - missing required columns for CI: ['PPE']
2026-03-23 13:40:33,257 - WARNING - missing anomalies file: C:\Users\mamsylla\OneDrive - BANK OF AFRICA(1)\Documents\Projets\2025\Plateforme notatio kyc v2\data\anomalies_TG.csv
2026-03-23 13:40:33,264 - INFO - cleaned 0 rows for BOA SN
2026-03-23 13:40:33,276 - DEBUG - [SN] anomalies encoding=UTF-8-SIG headers=['AGENCE', 'EXPL', 'CLIENT', 'IDP', 'ANOMALIE_AGE', 'ANOMALIE_DATE_EER', 'ANOMALIE_CIN']
2026-03-23 13:40:33,277 - ERROR - missing required columns for SN: ['PPE']
2026-03-23 13:40:33,277 - WARNING - missing anomalies file: C:\Users\mamsylla\OneDrive - BANK OF AFRICA(1)\Documents\Projets\2025\Plateforme notatio kyc v2\data\anomalies_ML.csv
2026-03-23 13:40:33,297 - INFO - cleaned 4303 rows for BOA BF
2026-03-23 13:40:33,305 - DEBUG - [BF] anomalies encoding=UTF-8-SIG headers=['AGENCE', 'EXPL', 'CLIENT', 'IDP', 'ANOMALIE_AGE', 'ANOMALIE_DATE_EER', 'ANOMALIE_CIN', 'PPE']
2026-03-23 13:40:33,305 - WARNING - missing optional column LIB_AGENCE for BF
2026-03-23 13:40:33,702 - INFO - done BF: 4303 rows
2026-03-23 13:40:33,702 - WARNING - missing anomalies file: C:\Users\mamsylla\OneDrive - BANK OF AFRICA(1)\Documents\Projets\2025\Plateforme notatio kyc v2\data\anomalies_BJ.csv
2026-03-23 13:40:33,703 - WARNING - missing anomalies file: C:\Users\mamsylla\OneDrive - BANK OF AFRICA(1)\Documents\Projets\2025\Plateforme notatio kyc v2\data\anomalies_RDC.csv
2026-03-23 13:40:33,703 - WARNING - missing anomalies file: C:\Users\mamsylla\OneDrive - BANK OF AFRICA(1)\Documents\Projets\2025\Plateforme notatio kyc v2\data\anomalies_MR.csv
2026-03-23 13:40:33,704 - WARNING - missing anomalies file: C:\Users\mamsylla\OneDrive - BANK OF AFRICA(1)\Documents\Projets\2025\Plateforme notatio kyc v2\data\anomalies_MG.csv
2026-03-23 13:40:33,704 - WARNING - missing anomalies file: C:\Users\mamsylla\OneDrive - BANK OF AFRICA(1)\Documents\Projets\2025\Plateforme notatio kyc v2\data\anomalies_UG.csv
2026-03-23 13:40:33,704 - WARNING - missing anomalies file: C:\Users\mamsylla\OneDrive - BANK OF AFRICA(1)\Documents\Projets\2025\Plateforme notatio kyc v2\data\anomalies_TZ.csv
2026-03-23 13:40:33,705 - WARNING - missing anomalies file: C:\Users\mamsylla\OneDrive - BANK OF AFRICA(1)\Documents\Projets\2025\Plateforme notatio kyc v2\data\anomalies_RW.csv
2026-03-23 13:40:33,705 - WARNING - missing anomalies file: C:\Users\mamsylla\OneDrive - BANK OF AFRICA(1)\Documents\Projets\2025\Plateforme notatio kyc v2\data\anomalies_KE.csv
2026-03-23 13:40:33,705 - WARNING - missing anomalies file: C:\Users\mamsylla\OneDrive - BANK OF AFRICA(1)\Documents\Projets\2025\Plateforme notatio kyc v2\data\anomalies_FR.csv
2026-03-23 13:40:33,705 - WARNING - missing anomalies file: C:\Users\mamsylla\OneDrive - BANK OF AFRICA(1)\Documents\Projets\2025\Plateforme notatio kyc v2\data\anomalies_KM.csv
2026-03-23 13:40:33,706 - WARNING - missing anomalies file: C:\Users\mamsylla\OneDrive - BANK OF AFRICA(1)\Documents\Projets\2025\Plateforme notatio kyc v2\data\anomalies_GH.csv
2026-03-23 13:40:33,706 - WARNING - missing anomalies file: C:\Users\mamsylla\OneDrive - BANK OF AFRICA(1)\Documents\Projets\2025\Plateforme notatio kyc v2\data\anomalies_Group.csv
2026-03-23 13:40:33,706 - INFO - END ANOMALIES
2026-03-23 13:40:33,708 - INFO - START DATEREV
2026-03-23 13:40:33,710 - WARNING - missing file: C:\Users\mamsylla\OneDrive - BANK OF AFRICA(1)\Documents\Projets\2025\Plateforme notatio kyc v2\data\scoring_NE.csv
2026-03-23 13:40:33,877 - INFO - cleaned 154 rows for BOA CI
2026-03-23 13:40:33,880 - DEBUG - [CI] daterev encoding=UTF-8-SIG headers=['AGENCE', 'EXPL', 'CLIENT', 'DATEREV', 'PPE', 'CLASSE']
2026-03-23 13:40:33,898 - INFO - done CI: 154 rows
2026-03-23 13:40:33,899 - WARNING - missing file: C:\Users\mamsylla\OneDrive - BANK OF AFRICA(1)\Documents\Projets\2025\Plateforme notatio kyc v2\data\scoring_TG.csv
2026-03-23 13:40:34,498 - INFO - cleaned 489641 rows for BOA SN
2026-03-23 13:40:34,600 - DEBUG - [SN] daterev encoding=ascii headers=['FILIALE', 'AGENCE', 'EXPL', 'CLIENT', 'DATREV', 'PPE', 'RISQUE']
2026-03-23 13:40:45,907 - INFO - progress SN: 100000 rows
2026-03-23 13:40:56,195 - INFO - progress SN: 200000 rows
2026-03-23 13:41:12,044 - INFO - progress SN: 300000 rows
2026-03-23 13:41:26,024 - INFO - progress SN: 400000 rows
2026-03-23 13:41:39,009 - INFO - done SN: 489641 rows
2026-03-23 13:41:39,010 - WARNING - missing file: C:\Users\mamsylla\OneDrive - BANK OF AFRICA(1)\Documents\Projets\2025\Plateforme notatio kyc v2\data\scoring_ML.csv
2026-03-23 13:41:39,556 - INFO - cleaned 103797 rows for BOA BF
2026-03-23 13:41:39,639 - DEBUG - [BF] daterev encoding=ascii headers=['CLIENT', 'NOM', 'AGENCE', 'AGENCELIB', 'EXPL', 'NOM_EXP', 'IDM', 'DATREV', 'DATOUV', 'PPE', 'RISQUE', 'PAYS_RESID']
2026-03-23 13:41:42,795 - DEBUG - [BF] daterev encoding=utf-8-sig headers=['CLIENT', 'NOM', 'AGENCE', 'AGENCELIB', 'EXPL', 'NOM_EXP', 'IDM', 'DATREV', 'DATOUV', 'PPE', 'RISQUE', 'PAYS_RESID']
2026-03-23 13:41:45,403 - DEBUG - [BF] daterev encoding=latin-1 headers=['CLIENT', 'NOM', 'AGENCE', 'AGENCELIB', 'EXPL', 'NOM_EXP', 'IDM', 'DATREV', 'DATOUV', 'PPE', 'RISQUE', 'PAYS_RESID']
2026-03-23 13:41:51,750 - INFO - progress BF: 100000 rows
2026-03-23 13:41:52,124 - INFO - done BF: 103797 rows
2026-03-23 13:41:52,124 - WARNING - missing file: C:\Users\mamsylla\OneDrive - BANK OF AFRICA(1)\Documents\Projets\2025\Plateforme notatio kyc v2\data\scoring_BJ.csv
2026-03-23 13:41:52,125 - WARNING - missing file: C:\Users\mamsylla\OneDrive - BANK OF AFRICA(1)\Documents\Projets\2025\Plateforme notatio kyc v2\data\scoring_RDC.csv
2026-03-23 13:41:52,126 - WARNING - missing file: C:\Users\mamsylla\OneDrive - BANK OF AFRICA(1)\Documents\Projets\2025\Plateforme notatio kyc v2\data\scoring_MR.csv
2026-03-23 13:41:52,126 - WARNING - missing file: C:\Users\mamsylla\OneDrive - BANK OF AFRICA(1)\Documents\Projets\2025\Plateforme notatio kyc v2\data\scoring_MG.csv
2026-03-23 13:41:52,191 - WARNING - missing file: C:\Users\mamsylla\OneDrive - BANK OF AFRICA(1)\Documents\Projets\2025\Plateforme notatio kyc v2\data\scoring_UG.csv
2026-03-23 13:41:52,194 - WARNING - missing file: C:\Users\mamsylla\OneDrive - BANK OF AFRICA(1)\Documents\Projets\2025\Plateforme notatio kyc v2\data\scoring_TZ.csv
2026-03-23 13:41:52,195 - WARNING - missing file: C:\Users\mamsylla\OneDrive - BANK OF AFRICA(1)\Documents\Projets\2025\Plateforme notatio kyc v2\data\scoring_RW.csv
2026-03-23 13:41:52,195 - WARNING - missing file: C:\Users\mamsylla\OneDrive - BANK OF AFRICA(1)\Documents\Projets\2025\Plateforme notatio kyc v2\data\scoring_KE.csv
2026-03-23 13:41:52,196 - WARNING - missing file: C:\Users\mamsylla\OneDrive - BANK OF AFRICA(1)\Documents\Projets\2025\Plateforme notatio kyc v2\data\scoring_FR.csv
2026-03-23 13:41:52,196 - WARNING - missing file: C:\Users\mamsylla\OneDrive - BANK OF AFRICA(1)\Documents\Projets\2025\Plateforme notatio kyc v2\data\scoring_KM.csv
2026-03-23 13:41:52,197 - WARNING - missing file: C:\Users\mamsylla\OneDrive - BANK OF AFRICA(1)\Documents\Projets\2025\Plateforme notatio kyc v2\data\scoring_GH.csv
2026-03-23 13:41:52,197 - WARNING - missing file: C:\Users\mamsylla\OneDrive - BANK OF AFRICA(1)\Documents\Projets\2025\Plateforme notatio kyc v2\data\scoring_Group.csv
2026-03-23 13:41:52,198 - INFO - DATEREV total: 593592 rows
2026-03-23 13:41:52,200 - INFO - START TAUX_FILIALES
2026-03-23 13:41:52,220 - DEBUG - [NE] taux_filiales encoding=ascii headers=['FLUX PM', 'FLUX PP', 'STOCK PM', 'STOCK PP', 'DATE']
2026-03-23 13:41:52,220 - ERROR - row error: TauxEvolution_filiale() got unexpected keyword arguments: 'flux_pm', 'flux_pp', 'stock_pm', 'stock_pp'
2026-03-23 13:41:52,221 - ERROR - row error: TauxEvolution_filiale() got unexpected keyword arguments: 'flux_pm', 'flux_pp', 'stock_pm', 'stock_pp'
2026-03-23 13:41:52,221 - ERROR - row error: TauxEvolution_filiale() got unexpected keyword arguments: 'flux_pm', 'flux_pp', 'stock_pm', 'stock_pp'
2026-03-23 13:41:52,224 - ERROR - row error: TauxEvolution_filiale() got unexpected keyword arguments: 'flux_pm', 'flux_pp', 'stock_pm', 'stock_pp'
2026-03-23 13:41:52,226 - ERROR - row error: TauxEvolution_filiale() got unexpected keyword arguments: 'flux_pm', 'flux_pp', 'stock_pm', 'stock_pp'
2026-03-23 13:41:52,226 - ERROR - row error: TauxEvolution_filiale() got unexpected keyword arguments: 'flux_pm', 'flux_pp', 'stock_pm', 'stock_pp'
2026-03-23 13:41:52,229 - ERROR - row error: TauxEvolution_filiale() got unexpected keyword arguments: 'flux_pm', 'flux_pp', 'stock_pm', 'stock_pp'
2026-03-23 13:41:52,229 - ERROR - row error: TauxEvolution_filiale() got unexpected keyword arguments: 'flux_pm', 'flux_pp', 'stock_pm', 'stock_pp'
2026-03-23 13:41:52,229 - ERROR - row error: TauxEvolution_filiale() got unexpected keyword arguments: 'flux_pm', 'flux_pp', 'stock_pm', 'stock_pp'
2026-03-23 13:41:52,230 - ERROR - row error: TauxEvolution_filiale() got unexpected keyword arguments: 'flux_pm', 'flux_pp', 'stock_pm', 'stock_pp'
2026-03-23 13:41:52,230 - INFO - NE: 0 rows imported
2026-03-23 13:41:52,236 - DEBUG - [CI] taux_filiales encoding=ascii headers=['FLUX PM', 'FLUX PP', 'STOCK PM', 'STOCK PP', 'DATE']
2026-03-23 13:41:52,237 - ERROR - row error: TauxEvolution_filiale() got unexpected keyword arguments: 'flux_pm', 'flux_pp', 'stock_pm', 'stock_pp'
2026-03-23 13:41:52,237 - ERROR - row error: TauxEvolution_filiale() got unexpected keyword arguments: 'flux_pm', 'flux_pp', 'stock_pm', 'stock_pp'
2026-03-23 13:41:52,239 - ERROR - row error: TauxEvolution_filiale() got unexpected keyword arguments: 'flux_pm', 'flux_pp', 'stock_pm', 'stock_pp'
2026-03-23 13:41:52,243 - ERROR - row error: TauxEvolution_filiale() got unexpected keyword arguments: 'flux_pm', 'flux_pp', 'stock_pm', 'stock_pp'
2026-03-23 13:41:52,244 - ERROR - row error: TauxEvolution_filiale() got unexpected keyword arguments: 'flux_pm', 'flux_pp', 'stock_pm', 'stock_pp'
2026-03-23 13:41:52,244 - ERROR - row error: TauxEvolution_filiale() got unexpected keyword arguments: 'flux_pm', 'flux_pp', 'stock_pm', 'stock_pp'
2026-03-23 13:41:52,245 - ERROR - row error: TauxEvolution_filiale() got unexpected keyword arguments: 'flux_pm', 'flux_pp', 'stock_pm', 'stock_pp'
2026-03-23 13:41:52,245 - ERROR - row error: TauxEvolution_filiale() got unexpected keyword arguments: 'flux_pm', 'flux_pp', 'stock_pm', 'stock_pp'
2026-03-23 13:41:52,246 - ERROR - row error: TauxEvolution_filiale() got unexpected keyword arguments: 'flux_pm', 'flux_pp', 'stock_pm', 'stock_pp'
2026-03-23 13:41:52,246 - ERROR - row error: TauxEvolution_filiale() got unexpected keyword arguments: 'flux_pm', 'flux_pp', 'stock_pm', 'stock_pp'
2026-03-23 13:41:52,247 - INFO - CI: 0 rows imported
2026-03-23 13:41:52,251 - DEBUG - [TG] taux_filiales encoding=ascii headers=['FLUX PM', 'FLUX PP', 'STOCK PM', 'STOCK PP', 'DATE']
2026-03-23 13:41:52,251 - ERROR - row error: TauxEvolution_filiale() got unexpected keyword arguments: 'flux_pm', 'flux_pp', 'stock_pm', 'stock_pp'
2026-03-23 13:41:52,252 - ERROR - row error: TauxEvolution_filiale() got unexpected keyword arguments: 'flux_pm', 'flux_pp', 'stock_pm', 'stock_pp'
2026-03-23 13:41:52,252 - ERROR - row error: TauxEvolution_filiale() got unexpected keyword arguments: 'flux_pm', 'flux_pp', 'stock_pm', 'stock_pp'
2026-03-23 13:41:52,253 - ERROR - row error: TauxEvolution_filiale() got unexpected keyword arguments: 'flux_pm', 'flux_pp', 'stock_pm', 'stock_pp'
2026-03-23 13:41:52,253 - ERROR - row error: TauxEvolution_filiale() got unexpected keyword arguments: 'flux_pm', 'flux_pp', 'stock_pm', 'stock_pp'
2026-03-23 13:41:52,254 - ERROR - row error: TauxEvolution_filiale() got unexpected keyword arguments: 'flux_pm', 'flux_pp', 'stock_pm', 'stock_pp'
2026-03-23 13:41:52,255 - ERROR - row error: TauxEvolution_filiale() got unexpected keyword arguments: 'flux_pm', 'flux_pp', 'stock_pm', 'stock_pp'
2026-03-23 13:41:52,255 - ERROR - row error: TauxEvolution_filiale() got unexpected keyword arguments: 'flux_pm', 'flux_pp', 'stock_pm', 'stock_pp'
2026-03-23 13:41:52,256 - ERROR - row error: TauxEvolution_filiale() got unexpected keyword arguments: 'flux_pm', 'flux_pp', 'stock_pm', 'stock_pp'
2026-03-23 13:41:52,256 - ERROR - row error: TauxEvolution_filiale() got unexpected keyword arguments: 'flux_pm', 'flux_pp', 'stock_pm', 'stock_pp'
2026-03-23 13:41:52,257 - INFO - TG: 0 rows imported
2026-03-23 13:41:52,268 - DEBUG - [SN] taux_filiales encoding=ascii headers=['FLUX PM', 'FLUX PP', 'STOCK PM', 'STOCK PP', 'DATE']
2026-03-23 13:41:52,269 - ERROR - row error: TauxEvolution_filiale() got unexpected keyword arguments: 'flux_pm', 'flux_pp', 'stock_pm', 'stock_pp'
2026-03-23 13:41:52,270 - ERROR - row error: TauxEvolution_filiale() got unexpected keyword arguments: 'flux_pm', 'flux_pp', 'stock_pm', 'stock_pp'
2026-03-23 13:41:52,270 - ERROR - row error: TauxEvolution_filiale() got unexpected keyword arguments: 'flux_pm', 'flux_pp', 'stock_pm', 'stock_pp'
2026-03-23 13:41:52,271 - ERROR - row error: TauxEvolution_filiale() got unexpected keyword arguments: 'flux_pm', 'flux_pp', 'stock_pm', 'stock_pp'
2026-03-23 13:41:52,271 - ERROR - row error: TauxEvolution_filiale() got unexpected keyword arguments: 'flux_pm', 'flux_pp', 'stock_pm', 'stock_pp'
2026-03-23 13:41:52,272 - ERROR - row error: TauxEvolution_filiale() got unexpected keyword arguments: 'flux_pm', 'flux_pp', 'stock_pm', 'stock_pp'
2026-03-23 13:41:52,273 - ERROR - row error: TauxEvolution_filiale() got unexpected keyword arguments: 'flux_pm', 'flux_pp', 'stock_pm', 'stock_pp'
2026-03-23 13:41:52,274 - ERROR - row error: TauxEvolution_filiale() got unexpected keyword arguments: 'flux_pm', 'flux_pp', 'stock_pm', 'stock_pp'
2026-03-23 13:41:52,279 - ERROR - row error: TauxEvolution_filiale() got unexpected keyword arguments: 'flux_pm', 'flux_pp', 'stock_pm', 'stock_pp'
2026-03-23 13:41:52,280 - ERROR - row error: TauxEvolution_filiale() got unexpected keyword arguments: 'flux_pm', 'flux_pp', 'stock_pm', 'stock_pp'
2026-03-23 13:41:52,281 - INFO - SN: 0 rows imported
2026-03-23 13:41:52,281 - WARNING - missing taux file: C:\Users\mamsylla\OneDrive - BANK OF AFRICA(1)\Documents\Projets\2025\Plateforme notatio kyc v2\data\suivi_fiabilisation_ML.csv
2026-03-23 13:41:52,285 - DEBUG - [BF] taux_filiales encoding=ascii headers=['FLUX PM', 'FLUX PP', 'STOCK PM', 'STOCK PP', 'DATE']
2026-03-23 13:41:52,285 - ERROR - row error: TauxEvolution_filiale() got unexpected keyword arguments: 'flux_pm', 'flux_pp', 'stock_pm', 'stock_pp'
2026-03-23 13:41:52,287 - ERROR - row error: TauxEvolution_filiale() got unexpected keyword arguments: 'flux_pm', 'flux_pp', 'stock_pm', 'stock_pp'
2026-03-23 13:41:52,287 - ERROR - row error: TauxEvolution_filiale() got unexpected keyword arguments: 'flux_pm', 'flux_pp', 'stock_pm', 'stock_pp'
2026-03-23 13:41:52,288 - ERROR - row error: TauxEvolution_filiale() got unexpected keyword arguments: 'flux_pm', 'flux_pp', 'stock_pm', 'stock_pp'
2026-03-23 13:41:52,288 - ERROR - row error: TauxEvolution_filiale() got unexpected keyword arguments: 'flux_pm', 'flux_pp', 'stock_pm', 'stock_pp'
2026-03-23 13:41:52,289 - ERROR - row error: TauxEvolution_filiale() got unexpected keyword arguments: 'flux_pm', 'flux_pp', 'stock_pm', 'stock_pp'
2026-03-23 13:41:52,289 - ERROR - row error: TauxEvolution_filiale() got unexpected keyword arguments: 'flux_pm', 'flux_pp', 'stock_pm', 'stock_pp'
2026-03-23 13:41:52,290 - ERROR - row error: TauxEvolution_filiale() got unexpected keyword arguments: 'flux_pm', 'flux_pp', 'stock_pm', 'stock_pp'
2026-03-23 13:41:52,290 - ERROR - row error: TauxEvolution_filiale() got unexpected keyword arguments: 'flux_pm', 'flux_pp', 'stock_pm', 'stock_pp'
2026-03-23 13:41:52,291 - ERROR - row error: TauxEvolution_filiale() got unexpected keyword arguments: 'flux_pm', 'flux_pp', 'stock_pm', 'stock_pp'
2026-03-23 13:41:52,295 - INFO - BF: 0 rows imported
2026-03-23 13:41:52,295 - WARNING - missing taux file: C:\Users\mamsylla\OneDrive - BANK OF AFRICA(1)\Documents\Projets\2025\Plateforme notatio kyc v2\data\suivi_fiabilisation_BJ.csv
2026-03-23 13:41:52,296 - WARNING - missing taux file: C:\Users\mamsylla\OneDrive - BANK OF AFRICA(1)\Documents\Projets\2025\Plateforme notatio kyc v2\data\suivi_fiabilisation_RDC.csv
2026-03-23 13:41:52,296 - WARNING - missing taux file: C:\Users\mamsylla\OneDrive - BANK OF AFRICA(1)\Documents\Projets\2025\Plateforme notatio kyc v2\data\suivi_fiabilisation_MR.csv
2026-03-23 13:41:52,297 - WARNING - missing taux file: C:\Users\mamsylla\OneDrive - BANK OF AFRICA(1)\Documents\Projets\2025\Plateforme notatio kyc v2\data\suivi_fiabilisation_MG.csv
2026-03-23 13:41:52,298 - WARNING - missing taux file: C:\Users\mamsylla\OneDrive - BANK OF AFRICA(1)\Documents\Projets\2025\Plateforme notatio kyc v2\data\suivi_fiabilisation_UG.csv
2026-03-23 13:41:52,298 - WARNING - missing taux file: C:\Users\mamsylla\OneDrive - BANK OF AFRICA(1)\Documents\Projets\2025\Plateforme notatio kyc v2\data\suivi_fiabilisation_TZ.csv
2026-03-23 13:41:52,298 - WARNING - missing taux file: C:\Users\mamsylla\OneDrive - BANK OF AFRICA(1)\Documents\Projets\2025\Plateforme notatio kyc v2\data\suivi_fiabilisation_RW.csv
2026-03-23 13:41:52,299 - WARNING - missing taux file: C:\Users\mamsylla\OneDrive - BANK OF AFRICA(1)\Documents\Projets\2025\Plateforme notatio kyc v2\data\suivi_fiabilisation_KE.csv
2026-03-23 13:41:52,299 - WARNING - missing taux file: C:\Users\mamsylla\OneDrive - BANK OF AFRICA(1)\Documents\Projets\2025\Plateforme notatio kyc v2\data\suivi_fiabilisation_FR.csv
2026-03-23 13:41:52,300 - WARNING - missing taux file: C:\Users\mamsylla\OneDrive - BANK OF AFRICA(1)\Documents\Projets\2025\Plateforme notatio kyc v2\data\suivi_fiabilisation_KM.csv
2026-03-23 13:41:52,300 - WARNING - missing taux file: C:\Users\mamsylla\OneDrive - BANK OF AFRICA(1)\Documents\Projets\2025\Plateforme notatio kyc v2\data\suivi_fiabilisation_GH.csv
2026-03-23 13:41:52,301 - WARNING - missing taux file: C:\Users\mamsylla\OneDrive - BANK OF AFRICA(1)\Documents\Projets\2025\Plateforme notatio kyc v2\data\suivi_fiabilisation_Group.csv
2026-03-23 13:41:52,301 - INFO - END TAUX_FILIALES
2026-03-23 13:41:52,305 - INFO - IMPORT DONE
2026-03-23 13:51:51,110 - INFO - Filiales utilisées: ['NE', 'CI', 'TG', 'SN', 'ML', 'BF', 'BJ', 'RDC', 'MR', 'MG', 'UG', 'TZ', 'RW', 'KE', 'FR', 'KM', 'GH', 'Group']
2026-03-23 13:51:51,111 - INFO - CHEMIN_BASE: C:\Users\mamsylla\OneDrive - BANK OF AFRICA(1)\Documents\Projets\2025\Plateforme notatio kyc v2\data
2026-03-23 13:51:51,112 - INFO - START TAUX_FILIALES
2026-03-23 13:51:51,121 - DEBUG - [NE] taux_filiales encoding=ascii headers=['FLUX PM', 'FLUX PP', 'STOCK PM', 'STOCK PP', 'DATE']
2026-03-23 13:51:51,121 - ERROR - no DATE column detected for NE
2026-03-23 13:51:51,123 - DEBUG - [CI] taux_filiales encoding=ascii headers=['FLUX PM', 'FLUX PP', 'STOCK PM', 'STOCK PP', 'DATE']
2026-03-23 13:51:51,123 - ERROR - no DATE column detected for CI
2026-03-23 13:51:51,125 - DEBUG - [TG] taux_filiales encoding=ascii headers=['FLUX PM', 'FLUX PP', 'STOCK PM', 'STOCK PP', 'DATE']
2026-03-23 13:51:51,125 - ERROR - no DATE column detected for TG
2026-03-23 13:51:51,127 - DEBUG - [SN] taux_filiales encoding=ascii headers=['FLUX PM', 'FLUX PP', 'STOCK PM', 'STOCK PP', 'DATE']
2026-03-23 13:51:51,127 - ERROR - no DATE column detected for SN
2026-03-23 13:51:51,128 - WARNING - missing taux file: C:\Users\mamsylla\OneDrive - BANK OF AFRICA(1)\Documents\Projets\2025\Plateforme notatio kyc v2\data\suivi_fiabilisation_ML.csv
2026-03-23 13:51:51,129 - DEBUG - [BF] taux_filiales encoding=ascii headers=['FLUX PM', 'FLUX PP', 'STOCK PM', 'STOCK PP', 'DATE']
2026-03-23 13:51:51,130 - ERROR - no DATE column detected for BF
2026-03-23 13:51:51,131 - WARNING - missing taux file: C:\Users\mamsylla\OneDrive - BANK OF AFRICA(1)\Documents\Projets\2025\Plateforme notatio kyc v2\data\suivi_fiabilisation_BJ.csv
2026-03-23 13:51:51,131 - WARNING - missing taux file: C:\Users\mamsylla\OneDrive - BANK OF AFRICA(1)\Documents\Projets\2025\Plateforme notatio kyc v2\data\suivi_fiabilisation_RDC.csv
2026-03-23 13:51:51,132 - WARNING - missing taux file: C:\Users\mamsylla\OneDrive - BANK OF AFRICA(1)\Documents\Projets\2025\Plateforme notatio kyc v2\data\suivi_fiabilisation_MR.csv
2026-03-23 13:51:51,133 - WARNING - missing taux file: C:\Users\mamsylla\OneDrive - BANK OF AFRICA(1)\Documents\Projets\2025\Plateforme notatio kyc v2\data\suivi_fiabilisation_MG.csv
2026-03-23 13:51:51,134 - WARNING - missing taux file: C:\Users\mamsylla\OneDrive - BANK OF AFRICA(1)\Documents\Projets\2025\Plateforme notatio kyc v2\data\suivi_fiabilisation_UG.csv
2026-03-23 13:51:51,134 - WARNING - missing taux file: C:\Users\mamsylla\OneDrive - BANK OF AFRICA(1)\Documents\Projets\2025\Plateforme notatio kyc v2\data\suivi_fiabilisation_TZ.csv
2026-03-23 13:51:51,134 - WARNING - missing taux file: C:\Users\mamsylla\OneDrive - BANK OF AFRICA(1)\Documents\Projets\2025\Plateforme notatio kyc v2\data\suivi_fiabilisation_RW.csv
2026-03-23 13:51:51,135 - WARNING - missing taux file: C:\Users\mamsylla\OneDrive - BANK OF AFRICA(1)\Documents\Projets\2025\Plateforme notatio kyc v2\data\suivi_fiabilisation_KE.csv
2026-03-23 13:51:51,135 - WARNING - missing taux file: C:\Users\mamsylla\OneDrive - BANK OF AFRICA(1)\Documents\Projets\2025\Plateforme notatio kyc v2\data\suivi_fiabilisation_FR.csv
2026-03-23 13:51:51,136 - WARNING - missing taux file: C:\Users\mamsylla\OneDrive - BANK OF AFRICA(1)\Documents\Projets\2025\Plateforme notatio kyc v2\data\suivi_fiabilisation_KM.csv
2026-03-23 13:51:51,136 - WARNING - missing taux file: C:\Users\mamsylla\OneDrive - BANK OF AFRICA(1)\Documents\Projets\2025\Plateforme notatio kyc v2\data\suivi_fiabilisation_GH.csv
2026-03-23 13:51:51,137 - WARNING - missing taux file: C:\Users\mamsylla\OneDrive - BANK OF AFRICA(1)\Documents\Projets\2025\Plateforme notatio kyc v2\data\suivi_fiabilisation_Group.csv
2026-03-23 13:51:51,137 - INFO - END TAUX_FILIALES
2026-03-23 13:51:51,137 - INFO - IMPORT DONE
2026-03-23 13:53:31,971 - INFO - Filiales utilisées: ['NE', 'CI', 'TG', 'SN', 'ML', 'BF', 'BJ', 'RDC', 'MR', 'MG', 'UG', 'TZ', 'RW', 'KE', 'FR', 'KM', 'GH', 'Group']
2026-03-23 13:53:31,972 - INFO - CHEMIN_BASE: C:\Users\mamsylla\OneDrive - BANK OF AFRICA(1)\Documents\Projets\2025\Plateforme notatio kyc v2\data
2026-03-23 13:53:31,973 - INFO - START TAUX_FILIALES
2026-03-23 13:53:31,979 - DEBUG - [NE] taux_filiales encoding=ascii headers=['FLUX PM', 'FLUX PP', 'STOCK PM', 'STOCK PP', 'DATE']
2026-03-23 13:53:31,979 - ERROR - no Date column detected for NE
2026-03-23 13:53:31,982 - DEBUG - [CI] taux_filiales encoding=ascii headers=['FLUX PM', 'FLUX PP', 'STOCK PM', 'STOCK PP', 'DATE']
2026-03-23 13:53:31,983 - ERROR - no Date column detected for CI
2026-03-23 13:53:31,985 - DEBUG - [TG] taux_filiales encoding=ascii headers=['FLUX PM', 'FLUX PP', 'STOCK PM', 'STOCK PP', 'DATE']
2026-03-23 13:53:31,985 - ERROR - no Date column detected for TG
2026-03-23 13:53:31,987 - DEBUG - [SN] taux_filiales encoding=ascii headers=['FLUX PM', 'FLUX PP', 'STOCK PM', 'STOCK PP', 'DATE']
2026-03-23 13:53:31,987 - ERROR - no Date column detected for SN
2026-03-23 13:53:31,987 - WARNING - missing taux file: C:\Users\mamsylla\OneDrive - BANK OF AFRICA(1)\Documents\Projets\2025\Plateforme notatio kyc v2\data\suivi_fiabilisation_ML.csv
2026-03-23 13:53:31,989 - DEBUG - [BF] taux_filiales encoding=ascii headers=['FLUX PM', 'FLUX PP', 'STOCK PM', 'STOCK PP', 'DATE']
2026-03-23 13:53:31,989 - ERROR - no Date column detected for BF
2026-03-23 13:53:31,990 - WARNING - missing taux file: C:\Users\mamsylla\OneDrive - BANK OF AFRICA(1)\Documents\Projets\2025\Plateforme notatio kyc v2\data\suivi_fiabilisation_BJ.csv
2026-03-23 13:53:31,990 - WARNING - missing taux file: C:\Users\mamsylla\OneDrive - BANK OF AFRICA(1)\Documents\Projets\2025\Plateforme notatio kyc v2\data\suivi_fiabilisation_RDC.csv
2026-03-23 13:53:31,991 - WARNING - missing taux file: C:\Users\mamsylla\OneDrive - BANK OF AFRICA(1)\Documents\Projets\2025\Plateforme notatio kyc v2\data\suivi_fiabilisation_MR.csv
2026-03-23 13:53:31,991 - WARNING - missing taux file: C:\Users\mamsylla\OneDrive - BANK OF AFRICA(1)\Documents\Projets\2025\Plateforme notatio kyc v2\data\suivi_fiabilisation_MG.csv
2026-03-23 13:53:31,992 - WARNING - missing taux file: C:\Users\mamsylla\OneDrive - BANK OF AFRICA(1)\Documents\Projets\2025\Plateforme notatio kyc v2\data\suivi_fiabilisation_UG.csv
2026-03-23 13:53:31,993 - WARNING - missing taux file: C:\Users\mamsylla\OneDrive - BANK OF AFRICA(1)\Documents\Projets\2025\Plateforme notatio kyc v2\data\suivi_fiabilisation_TZ.csv
2026-03-23 13:53:31,994 - WARNING - missing taux file: C:\Users\mamsylla\OneDrive - BANK OF AFRICA(1)\Documents\Projets\2025\Plateforme notatio kyc v2\data\suivi_fiabilisation_RW.csv
2026-03-23 13:53:31,994 - WARNING - missing taux file: C:\Users\mamsylla\OneDrive - BANK OF AFRICA(1)\Documents\Projets\2025\Plateforme notatio kyc v2\data\suivi_fiabilisation_KE.csv
2026-03-23 13:53:31,994 - WARNING - missing taux file: C:\Users\mamsylla\OneDrive - BANK OF AFRICA(1)\Documents\Projets\2025\Plateforme notatio kyc v2\data\suivi_fiabilisation_FR.csv
2026-03-23 13:53:31,995 - WARNING - missing taux file: C:\Users\mamsylla\OneDrive - BANK OF AFRICA(1)\Documents\Projets\2025\Plateforme notatio kyc v2\data\suivi_fiabilisation_KM.csv
2026-03-23 13:53:31,995 - WARNING - missing taux file: C:\Users\mamsylla\OneDrive - BANK OF AFRICA(1)\Documents\Projets\2025\Plateforme notatio kyc v2\data\suivi_fiabilisation_GH.csv
2026-03-23 13:53:31,996 - WARNING - missing taux file: C:\Users\mamsylla\OneDrive - BANK OF AFRICA(1)\Documents\Projets\2025\Plateforme notatio kyc v2\data\suivi_fiabilisation_Group.csv
2026-03-23 13:53:31,996 - INFO - END TAUX_FILIALES
2026-03-23 13:53:31,997 - INFO - IMPORT DONE
2026-03-23 13:55:52,477 - INFO - Filiales utilisées: ['NE', 'CI', 'TG', 'SN', 'ML', 'BF', 'BJ', 'RDC', 'MR', 'MG', 'UG', 'TZ', 'RW', 'KE', 'FR', 'KM', 'GH', 'Group']
2026-03-23 13:55:52,478 - INFO - CHEMIN_BASE: C:\Users\mamsylla\OneDrive - BANK OF AFRICA(1)\Documents\Projets\2025\Plateforme notatio kyc v2\data
2026-03-23 13:55:52,482 - INFO - START TAUX_FILIALES
2026-03-23 13:55:52,495 - DEBUG - [NE] taux_filiales encoding=ascii headers=['FLUX PM', 'FLUX PP', 'STOCK PM', 'STOCK PP', 'DATE']
2026-03-23 13:55:52,521 - INFO - NE: 10 rows imported
2026-03-23 13:55:52,531 - DEBUG - [CI] taux_filiales encoding=ascii headers=['FLUX PM', 'FLUX PP', 'STOCK PM', 'STOCK PP', 'DATE']
2026-03-23 13:55:52,534 - INFO - CI: 10 rows imported
2026-03-23 13:55:52,555 - DEBUG - [TG] taux_filiales encoding=ascii headers=['FLUX PM', 'FLUX PP', 'STOCK PM', 'STOCK PP', 'DATE']
2026-03-23 13:55:52,557 - INFO - TG: 10 rows imported
2026-03-23 13:55:52,589 - DEBUG - [SN] taux_filiales encoding=ascii headers=['FLUX PM', 'FLUX PP', 'STOCK PM', 'STOCK PP', 'DATE']
2026-03-23 13:55:52,591 - INFO - SN: 10 rows imported
2026-03-23 13:55:52,592 - WARNING - missing taux file: C:\Users\mamsylla\OneDrive - BANK OF AFRICA(1)\Documents\Projets\2025\Plateforme notatio kyc v2\data\suivi_fiabilisation_ML.csv
2026-03-23 13:55:52,594 - DEBUG - [BF] taux_filiales encoding=ascii headers=['FLUX PM', 'FLUX PP', 'STOCK PM', 'STOCK PP', 'DATE']
2026-03-23 13:55:52,596 - INFO - BF: 10 rows imported
2026-03-23 13:55:52,596 - WARNING - missing taux file: C:\Users\mamsylla\OneDrive - BANK OF AFRICA(1)\Documents\Projets\2025\Plateforme notatio kyc v2\data\suivi_fiabilisation_BJ.csv
2026-03-23 13:55:52,597 - WARNING - missing taux file: C:\Users\mamsylla\OneDrive - BANK OF AFRICA(1)\Documents\Projets\2025\Plateforme notatio kyc v2\data\suivi_fiabilisation_RDC.csv
2026-03-23 13:55:52,597 - WARNING - missing taux file: C:\Users\mamsylla\OneDrive - BANK OF AFRICA(1)\Documents\Projets\2025\Plateforme notatio kyc v2\data\suivi_fiabilisation_MR.csv
2026-03-23 13:55:52,601 - WARNING - missing taux file: C:\Users\mamsylla\OneDrive - BANK OF AFRICA(1)\Documents\Projets\2025\Plateforme notatio kyc v2\data\suivi_fiabilisation_MG.csv
2026-03-23 13:55:52,602 - WARNING - missing taux file: C:\Users\mamsylla\OneDrive - BANK OF AFRICA(1)\Documents\Projets\2025\Plateforme notatio kyc v2\data\suivi_fiabilisation_UG.csv
2026-03-23 13:55:52,602 - WARNING - missing taux file: C:\Users\mamsylla\OneDrive - BANK OF AFRICA(1)\Documents\Projets\2025\Plateforme notatio kyc v2\data\suivi_fiabilisation_TZ.csv
2026-03-23 13:55:52,603 - WARNING - missing taux file: C:\Users\mamsylla\OneDrive - BANK OF AFRICA(1)\Documents\Projets\2025\Plateforme notatio kyc v2\data\suivi_fiabilisation_RW.csv
2026-03-23 13:55:52,603 - WARNING - missing taux file: C:\Users\mamsylla\OneDrive - BANK OF AFRICA(1)\Documents\Projets\2025\Plateforme notatio kyc v2\data\suivi_fiabilisation_KE.csv
2026-03-23 13:55:52,603 - WARNING - missing taux file: C:\Users\mamsylla\OneDrive - BANK OF AFRICA(1)\Documents\Projets\2025\Plateforme notatio kyc v2\data\suivi_fiabilisation_FR.csv
2026-03-23 13:55:52,604 - WARNING - missing taux file: C:\Users\mamsylla\OneDrive - BANK OF AFRICA(1)\Documents\Projets\2025\Plateforme notatio kyc v2\data\suivi_fiabilisation_KM.csv
2026-03-23 13:55:52,605 - WARNING - missing taux file: C:\Users\mamsylla\OneDrive - BANK OF AFRICA(1)\Documents\Projets\2025\Plateforme notatio kyc v2\data\suivi_fiabilisation_GH.csv
2026-03-23 13:55:52,605 - WARNING - missing taux file: C:\Users\mamsylla\OneDrive - BANK OF AFRICA(1)\Documents\Projets\2025\Plateforme notatio kyc v2\data\suivi_fiabilisation_Group.csv
2026-03-23 13:55:52,605 - INFO - END TAUX_FILIALES
2026-03-23 13:55:52,609 - INFO - IMPORT DONE
2026-03-23 13:57:38,771 - INFO - Filiales utilisées: ['NE', 'CI', 'TG', 'SN', 'ML', 'BF', 'BJ', 'RDC', 'MR', 'MG', 'UG', 'TZ', 'RW', 'KE', 'FR', 'KM', 'GH', 'Group']
2026-03-23 13:57:38,771 - INFO - CHEMIN_BASE: C:\Users\mamsylla\OneDrive - BANK OF AFRICA(1)\Documents\Projets\2025\Plateforme notatio kyc v2\data
2026-03-23 13:57:38,774 - INFO - START TAUX_FILIALES
2026-03-23 13:57:38,792 - DEBUG - [NE] taux_filiales encoding=ascii headers=['FLUX PM', 'FLUX PP', 'STOCK PM', 'STOCK PP', 'DATE']
2026-03-23 13:57:38,795 - INFO - NE: 10 rows imported
2026-03-23 13:57:38,804 - DEBUG - [CI] taux_filiales encoding=ascii headers=['FLUX PM', 'FLUX PP', 'STOCK PM', 'STOCK PP', 'DATE']
2026-03-23 13:57:38,805 - INFO - CI: 10 rows imported
2026-03-23 13:57:38,807 - DEBUG - [TG] taux_filiales encoding=ascii headers=['FLUX PM', 'FLUX PP', 'STOCK PM', 'STOCK PP', 'DATE']
2026-03-23 13:57:38,809 - INFO - TG: 10 rows imported
2026-03-23 13:57:38,811 - DEBUG - [SN] taux_filiales encoding=ascii headers=['FLUX PM', 'FLUX PP', 'STOCK PM', 'STOCK PP', 'DATE']
2026-03-23 13:57:38,814 - INFO - SN: 10 rows imported
2026-03-23 13:57:38,815 - WARNING - missing taux file: C:\Users\mamsylla\OneDrive - BANK OF AFRICA(1)\Documents\Projets\2025\Plateforme notatio kyc v2\data\suivi_fiabilisation_ML.csv
2026-03-23 13:57:38,818 - DEBUG - [BF] taux_filiales encoding=ascii headers=['FLUX PM', 'FLUX PP', 'STOCK PM', 'STOCK PP', 'DATE']
2026-03-23 13:57:38,819 - INFO - BF: 10 rows imported
2026-03-23 13:57:38,819 - WARNING - missing taux file: C:\Users\mamsylla\OneDrive - BANK OF AFRICA(1)\Documents\Projets\2025\Plateforme notatio kyc v2\data\suivi_fiabilisation_BJ.csv
2026-03-23 13:57:38,820 - WARNING - missing taux file: C:\Users\mamsylla\OneDrive - BANK OF AFRICA(1)\Documents\Projets\2025\Plateforme notatio kyc v2\data\suivi_fiabilisation_RDC.csv
2026-03-23 13:57:38,820 - WARNING - missing taux file: C:\Users\mamsylla\OneDrive - BANK OF AFRICA(1)\Documents\Projets\2025\Plateforme notatio kyc v2\data\suivi_fiabilisation_MR.csv
2026-03-23 13:57:38,820 - WARNING - missing taux file: C:\Users\mamsylla\OneDrive - BANK OF AFRICA(1)\Documents\Projets\2025\Plateforme notatio kyc v2\data\suivi_fiabilisation_MG.csv
2026-03-23 13:57:38,821 - WARNING - missing taux file: C:\Users\mamsylla\OneDrive - BANK OF AFRICA(1)\Documents\Projets\2025\Plateforme notatio kyc v2\data\suivi_fiabilisation_UG.csv
2026-03-23 13:57:38,821 - WARNING - missing taux file: C:\Users\mamsylla\OneDrive - BANK OF AFRICA(1)\Documents\Projets\2025\Plateforme notatio kyc v2\data\suivi_fiabilisation_TZ.csv
2026-03-23 13:57:38,821 - WARNING - missing taux file: C:\Users\mamsylla\OneDrive - BANK OF AFRICA(1)\Documents\Projets\2025\Plateforme notatio kyc v2\data\suivi_fiabilisation_RW.csv
2026-03-23 13:57:38,822 - WARNING - missing taux file: C:\Users\mamsylla\OneDrive - BANK OF AFRICA(1)\Documents\Projets\2025\Plateforme notatio kyc v2\data\suivi_fiabilisation_KE.csv
2026-03-23 13:57:38,822 - WARNING - missing taux file: C:\Users\mamsylla\OneDrive - BANK OF AFRICA(1)\Documents\Projets\2025\Plateforme notatio kyc v2\data\suivi_fiabilisation_FR.csv
2026-03-23 13:57:38,822 - WARNING - missing taux file: C:\Users\mamsylla\OneDrive - BANK OF AFRICA(1)\Documents\Projets\2025\Plateforme notatio kyc v2\data\suivi_fiabilisation_KM.csv
2026-03-23 13:57:38,823 - WARNING - missing taux file: C:\Users\mamsylla\OneDrive - BANK OF AFRICA(1)\Documents\Projets\2025\Plateforme notatio kyc v2\data\suivi_fiabilisation_GH.csv
2026-03-23 13:57:38,823 - WARNING - missing taux file: C:\Users\mamsylla\OneDrive - BANK OF AFRICA(1)\Documents\Projets\2025\Plateforme notatio kyc v2\data\suivi_fiabilisation_Group.csv
2026-03-23 13:57:38,823 - INFO - END TAUX_FILIALES
2026-03-23 13:57:38,827 - INFO - IMPORT DONE
2026-03-23 13:59:07,091 - INFO - Filiales utilisées: ['NE', 'CI', 'TG', 'SN', 'ML', 'BF', 'BJ', 'RDC', 'MR', 'MG', 'UG', 'TZ', 'RW', 'KE', 'FR', 'KM', 'GH', 'Group']
2026-03-23 13:59:07,091 - INFO - CHEMIN_BASE: C:\Users\mamsylla\OneDrive - BANK OF AFRICA(1)\Documents\Projets\2025\Plateforme notatio kyc v2\data
2026-03-23 13:59:07,092 - INFO - START ANOMALIES
2026-03-23 13:59:07,092 - WARNING - missing anomalies file: C:\Users\mamsylla\OneDrive - BANK OF AFRICA(1)\Documents\Projets\2025\Plateforme notatio kyc v2\data\anomalies_NE.csv
2026-03-23 13:59:07,099 - INFO - cleaned 0 rows for BOA CI
2026-03-23 13:59:07,103 - DEBUG - [CI] anomalies encoding=UTF-8-SIG headers=['AGENCE', 'EXPL', 'CLIENT', 'CODAPE', 'IDP', 'ANOMALIE_AGE', 'ANOMALIE_DATE_EER', 'ANOMALIE_CIN', '', '']
2026-03-23 13:59:07,104 - ERROR - missing required columns for CI: ['PPE']
2026-03-23 13:59:07,104 - WARNING - missing anomalies file: C:\Users\mamsylla\OneDrive - BANK OF AFRICA(1)\Documents\Projets\2025\Plateforme notatio kyc v2\data\anomalies_TG.csv
2026-03-23 13:59:07,107 - INFO - cleaned 0 rows for BOA SN
2026-03-23 13:59:07,109 - DEBUG - [SN] anomalies encoding=UTF-8-SIG headers=['AGENCE', 'EXPL', 'CLIENT', 'IDP', 'ANOMALIE_AGE', 'ANOMALIE_DATE_EER', 'ANOMALIE_CIN']
2026-03-23 13:59:07,109 - ERROR - missing required columns for SN: ['PPE']
2026-03-23 13:59:07,110 - WARNING - missing anomalies file: C:\Users\mamsylla\OneDrive - BANK OF AFRICA(1)\Documents\Projets\2025\Plateforme notatio kyc v2\data\anomalies_ML.csv
2026-03-23 13:59:07,123 - INFO - cleaned 4303 rows for BOA BF
2026-03-23 13:59:07,125 - DEBUG - [BF] anomalies encoding=UTF-8-SIG headers=['AGENCE', 'EXPL', 'CLIENT', 'IDP', 'ANOMALIE_AGE', 'ANOMALIE_DATE_EER', 'ANOMALIE_CIN', 'PPE']
2026-03-23 13:59:07,125 - WARNING - missing optional column LIB_AGENCE for BF
2026-03-23 13:59:07,430 - INFO - done BF: 4303 rows
2026-03-23 13:59:07,430 - WARNING - missing anomalies file: C:\Users\mamsylla\OneDrive - BANK OF AFRICA(1)\Documents\Projets\2025\Plateforme notatio kyc v2\data\anomalies_BJ.csv
2026-03-23 13:59:07,431 - WARNING - missing anomalies file: C:\Users\mamsylla\OneDrive - BANK OF AFRICA(1)\Documents\Projets\2025\Plateforme notatio kyc v2\data\anomalies_RDC.csv
2026-03-23 13:59:07,431 - WARNING - missing anomalies file: C:\Users\mamsylla\OneDrive - BANK OF AFRICA(1)\Documents\Projets\2025\Plateforme notatio kyc v2\data\anomalies_MR.csv
2026-03-23 13:59:07,431 - WARNING - missing anomalies file: C:\Users\mamsylla\OneDrive - BANK OF AFRICA(1)\Documents\Projets\2025\Plateforme notatio kyc v2\data\anomalies_MG.csv
2026-03-23 13:59:07,432 - WARNING - missing anomalies file: C:\Users\mamsylla\OneDrive - BANK OF AFRICA(1)\Documents\Projets\2025\Plateforme notatio kyc v2\data\anomalies_UG.csv
2026-03-23 13:59:07,432 - WARNING - missing anomalies file: C:\Users\mamsylla\OneDrive - BANK OF AFRICA(1)\Documents\Projets\2025\Plateforme notatio kyc v2\data\anomalies_TZ.csv
2026-03-23 13:59:07,432 - WARNING - missing anomalies file: C:\Users\mamsylla\OneDrive - BANK OF AFRICA(1)\Documents\Projets\2025\Plateforme notatio kyc v2\data\anomalies_RW.csv
2026-03-23 13:59:07,432 - WARNING - missing anomalies file: C:\Users\mamsylla\OneDrive - BANK OF AFRICA(1)\Documents\Projets\2025\Plateforme notatio kyc v2\data\anomalies_KE.csv
2026-03-23 13:59:07,433 - WARNING - missing anomalies file: C:\Users\mamsylla\OneDrive - BANK OF AFRICA(1)\Documents\Projets\2025\Plateforme notatio kyc v2\data\anomalies_FR.csv
2026-03-23 13:59:07,433 - WARNING - missing anomalies file: C:\Users\mamsylla\OneDrive - BANK OF AFRICA(1)\Documents\Projets\2025\Plateforme notatio kyc v2\data\anomalies_KM.csv
2026-03-23 13:59:07,433 - WARNING - missing anomalies file: C:\Users\mamsylla\OneDrive - BANK OF AFRICA(1)\Documents\Projets\2025\Plateforme notatio kyc v2\data\anomalies_GH.csv
2026-03-23 13:59:07,434 - WARNING - missing anomalies file: C:\Users\mamsylla\OneDrive - BANK OF AFRICA(1)\Documents\Projets\2025\Plateforme notatio kyc v2\data\anomalies_Group.csv
2026-03-23 13:59:07,434 - INFO - END ANOMALIES
2026-03-23 13:59:07,435 - INFO - IMPORT DONE
2026-03-23 19:07:00,337 - INFO - Filiales utilisées: ['NE', 'CI', 'TG', 'SN', 'ML', 'BF', 'BJ', 'RDC', 'MR', 'MG', 'UG', 'TZ', 'RW', 'KE', 'FR', 'KM', 'GH', 'Group']
2026-03-23 19:07:00,339 - INFO - CHEMIN_BASE: C:\Users\mamsylla\OneDrive - BANK OF AFRICA(1)\Documents\Projets\2025\Plateforme notatio kyc v2\data
2026-03-23 19:07:00,339 - INFO - START ANOMALIES
2026-03-23 19:07:00,340 - WARNING - missing anomalies file: C:\Users\mamsylla\OneDrive - BANK OF AFRICA(1)\Documents\Projets\2025\Plateforme notatio kyc v2\data\anomalies_NE.csv
2026-03-23 19:07:00,355 - INFO - cleaned 0 rows for BOA CI
2026-03-23 19:07:00,372 - DEBUG - [CI] anomalies encoding=UTF-8-SIG headers=['AGENCE', 'EXPL', 'CLIENT', 'CODAPE', 'IDP', 'ANOMALIE_AGE', 'ANOMALIE_DATE_EER', 'ANOMALIE_CIN', '', '']
2026-03-23 19:07:00,372 - ERROR - missing required columns for CI: ['PPE']
2026-03-23 19:07:00,374 - INFO - cleaned 0 rows for BOA TG
2026-03-23 19:07:00,376 - DEBUG - [TG] anomalies encoding=UTF-8-SIG headers=['AGENCE', 'EXPL', 'CLIENT', 'CODAPE', 'IDP', 'ANOMALIE_AGE', 'ANOMALIE_DATE_EER', 'ANOMALIE_CIN', 'AGENCELIB', 'PPE']
2026-03-23 19:07:04,430 - INFO - done TG: 50572 rows
2026-03-23 19:07:04,441 - INFO - cleaned 0 rows for BOA SN
2026-03-23 19:07:04,445 - DEBUG - [SN] anomalies encoding=UTF-8-SIG headers=['AGENCE', 'EXPL', 'CLIENT', 'IDP', 'ANOMALIE_AGE', 'ANOMALIE_DATE_EER', 'ANOMALIE_CIN']
2026-03-23 19:07:04,445 - ERROR - missing required columns for SN: ['PPE']
2026-03-23 19:07:04,446 - WARNING - missing anomalies file: C:\Users\mamsylla\OneDrive - BANK OF AFRICA(1)\Documents\Projets\2025\Plateforme notatio kyc v2\data\anomalies_ML.csv
2026-03-23 19:07:04,470 - INFO - cleaned 4303 rows for BOA BF
2026-03-23 19:07:04,474 - DEBUG - [BF] anomalies encoding=UTF-8-SIG headers=['AGENCE', 'EXPL', 'CLIENT', 'IDP', 'ANOMALIE_AGE', 'ANOMALIE_DATE_EER', 'ANOMALIE_CIN', 'PPE']
2026-03-23 19:07:04,474 - WARNING - missing optional column LIB_AGENCE for BF
2026-03-23 19:07:04,837 - INFO - done BF: 4303 rows
2026-03-23 19:07:04,838 - WARNING - missing anomalies file: C:\Users\mamsylla\OneDrive - BANK OF AFRICA(1)\Documents\Projets\2025\Plateforme notatio kyc v2\data\anomalies_BJ.csv
2026-03-23 19:07:04,838 - WARNING - missing anomalies file: C:\Users\mamsylla\OneDrive - BANK OF AFRICA(1)\Documents\Projets\2025\Plateforme notatio kyc v2\data\anomalies_RDC.csv
2026-03-23 19:07:04,839 - WARNING - missing anomalies file: C:\Users\mamsylla\OneDrive - BANK OF AFRICA(1)\Documents\Projets\2025\Plateforme notatio kyc v2\data\anomalies_MR.csv
2026-03-23 19:07:04,839 - WARNING - missing anomalies file: C:\Users\mamsylla\OneDrive - BANK OF AFRICA(1)\Documents\Projets\2025\Plateforme notatio kyc v2\data\anomalies_MG.csv
2026-03-23 19:07:04,840 - WARNING - missing anomalies file: C:\Users\mamsylla\OneDrive - BANK OF AFRICA(1)\Documents\Projets\2025\Plateforme notatio kyc v2\data\anomalies_UG.csv
2026-03-23 19:07:04,840 - WARNING - missing anomalies file: C:\Users\mamsylla\OneDrive - BANK OF AFRICA(1)\Documents\Projets\2025\Plateforme notatio kyc v2\data\anomalies_TZ.csv
2026-03-23 19:07:04,841 - WARNING - missing anomalies file: C:\Users\mamsylla\OneDrive - BANK OF AFRICA(1)\Documents\Projets\2025\Plateforme notatio kyc v2\data\anomalies_RW.csv
2026-03-23 19:07:04,841 - WARNING - missing anomalies file: C:\Users\mamsylla\OneDrive - BANK OF AFRICA(1)\Documents\Projets\2025\Plateforme notatio kyc v2\data\anomalies_KE.csv
2026-03-23 19:07:04,841 - WARNING - missing anomalies file: C:\Users\mamsylla\OneDrive - BANK OF AFRICA(1)\Documents\Projets\2025\Plateforme notatio kyc v2\data\anomalies_FR.csv
2026-03-23 19:07:04,842 - WARNING - missing anomalies file: C:\Users\mamsylla\OneDrive - BANK OF AFRICA(1)\Documents\Projets\2025\Plateforme notatio kyc v2\data\anomalies_KM.csv
2026-03-23 19:07:04,842 - WARNING - missing anomalies file: C:\Users\mamsylla\OneDrive - BANK OF AFRICA(1)\Documents\Projets\2025\Plateforme notatio kyc v2\data\anomalies_GH.csv
2026-03-23 19:07:04,842 - WARNING - missing anomalies file: C:\Users\mamsylla\OneDrive - BANK OF AFRICA(1)\Documents\Projets\2025\Plateforme notatio kyc v2\data\anomalies_Group.csv
2026-03-23 19:07:04,843 - INFO - END ANOMALIES
2026-03-23 19:07:04,844 - INFO - IMPORT DONE
2026-03-25 12:40:44,518 - INFO - Filiales utilisées: ['TG']
2026-03-25 12:40:44,520 - INFO - CHEMIN_BASE: C:\Users\mamsylla\OneDrive - BANK OF AFRICA(1)\Documents\Projets\2025\Plateforme notatio kyc v2\data
2026-03-25 12:40:44,521 - INFO - START DATEREV
2026-03-25 12:40:44,613 - INFO - cleaned 0 rows for BOA TG
2026-03-25 12:40:44,658 - DEBUG - [TG] daterev encoding=ascii headers=['CLIENT', 'NOM', 'AGENCE', 'AGENCELIB', 'EXPL', 'NOM_EXP', 'IDM', "TO_CHAR(DATREV,'DD/MM/YYYY')", "TO_CHAR(C.DATOUV,'DD/MM/YYYY')", 'PPE', 'RISQUE', 'PAYS_RESID']
2026-03-25 12:40:45,287 - INFO - done TG: 11723 rows
2026-03-25 12:40:45,288 - INFO - DATEREV total: 11723 rows
2026-03-25 12:40:45,291 - INFO - IMPORT DONE
2026-03-25 12:45:33,053 - INFO - Filiales utilisées: ['TG']
2026-03-25 12:45:33,054 - INFO - CHEMIN_BASE: C:\Users\mamsylla\OneDrive - BANK OF AFRICA(1)\Documents\Projets\2025\Plateforme notatio kyc v2\data
2026-03-25 12:45:33,055 - INFO - START DATEREV
2026-03-25 12:45:33,163 - INFO - cleaned 11723 rows for BOA TG
2026-03-25 12:45:33,237 - DEBUG - [TG] daterev encoding=ascii headers=['CLIENT', 'NOM', 'AGENCE', 'AGENCELIB', 'EXPL', 'NOM_EXP', 'IDM', "TO_CHAR(DATREV,'DD/MM/YYYY')", "TO_CHAR(C.DATOUV,'DD/MM/YYYY')", 'PPE', 'RISQUE', 'PAYS_RESID']
2026-03-25 12:45:33,875 - INFO - done TG: 11723 rows
2026-03-25 12:45:33,875 - INFO - DATEREV total: 11723 rows
2026-03-25 12:45:33,879 - INFO - IMPORT DONE
