CMD: ['C:\\Users\\mamsylla\\OneDrive - BANK OF AFRICA(1)\\Documents\\Projets\\2025\\Plateforme notatio kyc v2\\Fiabilisation_kyc - Copie\\venv\\Scripts\\python.exe', 'C:\\Users\\mamsylla\\OneDrive - BANK OF AFRICA(1)\\Documents\\Projets\\2025\\Plateforme notatio kyc v2\\Fiabilisation_kyc - Copie\\import_premier.py']
START: 2026-03-17 08:41:55
RETURN: 0
DATA_DIR: C:\Users\mamsylla\OneDrive - BANK OF AFRICA(1)\Documents\Projets\2025\Plateforme notatio kyc v2\data
FILIALES: CI, BF,SN,TG
ONLY: 
BULK_SIZE: 
TAUX_CLEAR: False

--- STDOUT ---
2026-03-17 08:41:55,934 - INFO - START ANOMALIES
2026-03-17 08:41:56,261 - INFO - cleaned 0 rows for BOA CI
2026-03-17 08:41:56,278 - ERROR - missing required columns for CI: ['PPE']
2026-03-17 08:41:56,280 - INFO - cleaned 0 rows for BOA BF
2026-03-17 08:41:56,284 - WARNING - missing optional column LIB_AGENCE for BF
2026-03-17 08:41:56,775 - INFO - done BF: 4303 rows
2026-03-17 08:41:56,778 - INFO - cleaned 0 rows for BOA SN
2026-03-17 08:41:56,787 - ERROR - missing required columns for SN: ['PPE']
2026-03-17 08:41:56,787 - WARNING - missing anomalies file: C:\Users\mamsylla\OneDrive - BANK OF AFRICA(1)\Documents\Projets\2025\Plateforme notatio kyc v2\data\anomalies_TG.csv
2026-03-17 08:41:56,787 - INFO - END ANOMALIES
2026-03-17 08:41:56,787 - INFO - START DATEREV
2026-03-17 08:41:56,920 - INFO - cleaned 0 rows for BOA CI
2026-03-17 08:41:56,958 - INFO - done CI: 154 rows
2026-03-17 08:41:57,018 - INFO - cleaned 0 rows for BOA BF
2026-03-17 08:42:17,527 - INFO - progress BF: 100000 rows
2026-03-17 08:42:17,883 - INFO - done BF: 103797 rows
2026-03-17 08:42:18,953 - INFO - cleaned 489641 rows for BOA SN
2026-03-17 08:42:41,999 - INFO - progress SN: 100000 rows
2026-03-17 08:42:55,822 - INFO - progress SN: 200000 rows
2026-03-17 08:43:01,001 - INFO - progress SN: 300000 rows
2026-03-17 08:43:05,647 - INFO - progress SN: 400000 rows
2026-03-17 08:43:09,962 - INFO - done SN: 489641 rows
2026-03-17 08:43:09,962 - WARNING - missing file: scoring_TG.csv
2026-03-17 08:43:09,962 - INFO - DATEREV total: 593592 rows
2026-03-17 08:43:09,964 - INFO - START TAUX_FILIALES
2026-03-17 08:43:09,970 - INFO - done CI: 10 rows
2026-03-17 08:43:09,975 - INFO - done BF: 10 rows
2026-03-17 08:43:09,980 - INFO - done SN: 10 rows
2026-03-17 08:43:09,985 - INFO - done TG: 10 rows
2026-03-17 08:43:09,986 - INFO - END TAUX_FILIALES
2026-03-17 08:43:09,989 - INFO - START TAUX_EVOLUTION
2026-03-17 08:43:09,993 - INFO - done CI: 0 rows
2026-03-17 08:43:09,998 - INFO - done BF: 0 rows
2026-03-17 08:43:10,001 - INFO - done SN: 0 rows
2026-03-17 08:43:10,002 - WARNING - missing file: C:\Users\mamsylla\OneDrive - BANK OF AFRICA(1)\Documents\Projets\2025\Plateforme notatio kyc v2\data\taux_TG.csv
2026-03-17 08:43:10,002 - INFO - END TAUX_EVOLUTION
2026-03-17 08:43:10,002 - INFO - IMPORT DONE

--- STDERR ---
Invalid line: SECRET_KEY = env("SECRET_KEY")
Invalid line: DEBUG = env.bool("DEBUG")
Invalid line: ALLOWED_HOSTS = env.list('ALLOWED_HOSTS')
