CMD: ['C:\\Users\\mamsylla\\OneDrive - BANK OF AFRICA(1)\\Documents\\Projets\\2025\\Plateforme notatio kyc v2\\Fiabilisation_kyc - Copie\\venv\\Scripts\\python.exe', 'C:\\Users\\mamsylla\\OneDrive - BANK OF AFRICA(1)\\Documents\\Projets\\2025\\Plateforme notatio kyc v2\\Fiabilisation_kyc - Copie\\import_kyc.py']
START: 2026-03-17 08:41:53
RETURN: 0
DATA_DIR: C:\Users\mamsylla\OneDrive - BANK OF AFRICA(1)\Documents\Projets\2025\Plateforme notatio kyc v2\data
FILIALES: CI, BF,SN,TG
ONLY: 
BULK_SIZE: 50000
TAUX_CLEAR: False

--- STDOUT ---
2026-03-17 08:41:54,452 - INFO - 
>>> FILIALE NE
2026-03-17 08:41:54,989 - INFO - 
>>> FILIALE CI
2026-03-17 08:41:55,347 - INFO - --- Lecture de pm_CI_STOCK_F.csv ---
2026-03-17 08:41:55,401 - INFO - --- Lecture de pp_CI_STOCK_F.csv ---
2026-03-17 08:41:55,654 - INFO - 
>>> FILIALE TG
2026-03-17 08:41:55,975 - INFO - 
>>> FILIALE SN
2026-03-17 08:41:56,254 - INFO - --- Lecture de pm_SN_STOCK_F.csv ---
2026-03-17 08:41:58,757 - INFO - --- Lecture de pp_SN_STOCK_F.csv ---
2026-03-17 08:42:07,610 - INFO -     -> 50000 lignes insérées...
2026-03-17 08:42:16,522 - INFO -     -> 100000 lignes insérées...
2026-03-17 08:42:25,361 - INFO -     -> 150000 lignes insérées...
2026-03-17 08:42:35,502 - INFO -     -> 200000 lignes insérées...
2026-03-17 08:42:41,539 - INFO -     -> 250000 lignes insérées...
2026-03-17 08:42:45,683 - INFO -     -> 300000 lignes insérées...
2026-03-17 08:42:49,476 - INFO -     -> 350000 lignes insérées...
2026-03-17 08:42:50,432 - INFO - 
>>> FILIALE ML
2026-03-17 08:42:50,673 - INFO - 
>>> FILIALE BF
2026-03-17 08:42:50,910 - INFO - 
>>> FILIALE BJ
2026-03-17 08:42:51,147 - INFO - 
>>> FILIALE RDC
2026-03-17 08:42:51,386 - INFO - 
>>> FILIALE MR
2026-03-17 08:42:51,621 - INFO - 
>>> FILIALE MG
2026-03-17 08:42:53,662 - INFO - 
>>> FILIALE UG
2026-03-17 08:42:53,746 - INFO - 
>>> FILIALE TZ
2026-03-17 08:42:53,817 - INFO - 
>>> FILIALE RW
2026-03-17 08:42:53,888 - INFO - 
>>> FILIALE KE
2026-03-17 08:42:53,956 - INFO - 
>>> FILIALE FR
2026-03-17 08:42:54,027 - INFO - 
>>> FILIALE KM
2026-03-17 08:42:54,095 - INFO - 
>>> FILIALE GH
2026-03-17 08:42:54,163 - INFO - 
>>> FILIALE Group

--- STDERR ---
Invalid line: SECRET_KEY = env("SECRET_KEY")
Invalid line: DEBUG = env.bool("DEBUG")
Invalid line: ALLOWED_HOSTS = env.list('ALLOWED_HOSTS')
--- Logging error ---
Traceback (most recent call last):
  File "C:\Users\mamsylla\OneDrive - BANK OF AFRICA(1)\Documents\Projets\2025\Plateforme notatio kyc v2\Fiabilisation_kyc - Copie\import_kyc.py", line 147, in importer_csv_optimise
    row = next(reader)
  File "C:\Users\mamsylla\AppData\Local\Programs\Python\Python313\Lib\csv.py", line 178, in __next__
    row = next(self.reader)
_csv.Error: field larger than field limit (131072)

During handling of the above exception, another exception occurred:

Traceback (most recent call last):
  File "C:\Users\mamsylla\AppData\Local\Programs\Python\Python313\Lib\logging\__init__.py", line 1153, in emit
    stream.write(msg + self.terminator)
    ~~~~~~~~~~~~^^^^^^^^^^^^^^^^^^^^^^^
  File "C:\Users\mamsylla\AppData\Local\Programs\Python\Python313\Lib\encodings\cp1252.py", line 19, in encode
    return codecs.charmap_encode(input,self.errors,encoding_table)[0]
           ~~~~~~~~~~~~~~~~~~~~~^^^^^^^^^^^^^^^^^^^^^^^^^^^^^^^^^^
UnicodeEncodeError: 'charmap' codec can't encode character '\u274c' in position 36: character maps to <undefined>
Call stack:
  File "C:\Users\mamsylla\OneDrive - BANK OF AFRICA(1)\Documents\Projets\2025\Plateforme notatio kyc v2\Fiabilisation_kyc - Copie\import_kyc.py", line 248, in <module>
    if os.path.exists(pp_f): importer_csv_optimise(pp_f, Kyc_pp, MAPPING_PP, code)
  File "C:\Users\mamsylla\OneDrive - BANK OF AFRICA(1)\Documents\Projets\2025\Plateforme notatio kyc v2\Fiabilisation_kyc - Copie\import_kyc.py", line 153, in importer_csv_optimise
    logger.warning(f"\u274c {filename} : Ligne {line_counter} rejetée immédiatement (Taille excessive).")
Message: '\u274c pp_SN_STOCK_F.csv : Ligne 79741 rejetée immédiatement (Taille excessive).'
Arguments: ()
--- Logging error ---
Traceback (most recent call last):
  File "C:\Users\mamsylla\AppData\Local\Programs\Python\Python313\Lib\logging\__init__.py", line 1153, in emit
    stream.write(msg + self.terminator)
    ~~~~~~~~~~~~^^^^^^^^^^^^^^^^^^^^^^^
  File "C:\Users\mamsylla\AppData\Local\Programs\Python\Python313\Lib\encodings\cp1252.py", line 19, in encode
    return codecs.charmap_encode(input,self.errors,encoding_table)[0]
           ~~~~~~~~~~~~~~~~~~~~~^^^^^^^^^^^^^^^^^^^^^^^^^^^^^^^^^^
UnicodeEncodeError: 'charmap' codec can't encode character '\u2728' in position 35: character maps to <undefined>
Call stack:
  File "C:\Users\mamsylla\OneDrive - BANK OF AFRICA(1)\Documents\Projets\2025\Plateforme notatio kyc v2\Fiabilisation_kyc - Copie\import_kyc.py", line 250, in <module>
    logger.info("\n\u2728 Processus terminé.")
Message: '\n\u2728 Processus terminé.'
Arguments: ()
