CMD: ['C:\\Users\\mamsylla\\OneDrive - BANK OF AFRICA(1)\\Documents\\Projets\\2025\\Plateforme notatio kyc v2\\Fiabilisation_kyc - Copie\\venv\\Scripts\\python.exe', 'C:\\Users\\mamsylla\\OneDrive - BANK OF AFRICA(1)\\Documents\\Projets\\2025\\Plateforme notatio kyc v2\\Fiabilisation_kyc - Copie\\import_premier.py']
START: 2026-03-17 08:39:00
RETURN: 0
DATA_DIR: C:\Users\mamsylla\OneDrive - BANK OF AFRICA (1)\data\SN\data
FILIALES: SN
ONLY: daterev
BULK_SIZE: 
TAUX_CLEAR: False

--- STDOUT ---
2026-03-17 08:39:01,142 - INFO - START DATEREV
2026-03-17 08:39:01,151 - INFO - cleaned 0 rows for BOA SN
2026-03-17 08:39:07,899 - INFO - progress SN: 100000 rows
2026-03-17 08:39:13,842 - INFO - progress SN: 200000 rows
2026-03-17 08:39:20,496 - INFO - progress SN: 300000 rows
2026-03-17 08:39:26,906 - INFO - progress SN: 400000 rows
2026-03-17 08:39:33,309 - INFO - done SN: 489641 rows
2026-03-17 08:39:33,310 - INFO - DATEREV total: 489641 rows
2026-03-17 08:39:33,313 - INFO - IMPORT DONE

--- STDERR ---
Invalid line: SECRET_KEY = env("SECRET_KEY")
Invalid line: DEBUG = env.bool("DEBUG")
Invalid line: ALLOWED_HOSTS = env.list('ALLOWED_HOSTS')
